 flightControlSystem_sfun

 Timestamp is 5d6000f2 (Fri Aug 23 20:36:26 2019)

 Preferred load address is 0000000180000000

 Start         Length     Name                   Class
 0001:00000000 00055220H .text$mn                CODE
 0001:00055220 00000012H .text$mn$00             CODE
 0001:00055232 00000081H .text$x                 CODE
 0002:00000000 00000720H .idata$5                DATA
 0002:00000720 00000010H .00cfg                  DATA
 0002:00000730 00000008H .CRT$XCA                DATA
 0002:00000738 00000008H .CRT$XCZ                DATA
 0002:00000740 00000008H .CRT$XIA                DATA
 0002:00000748 00000008H .CRT$XIZ                DATA
 0002:00000750 00000008H .CRT$XPA                DATA
 0002:00000758 00000008H .CRT$XPZ                DATA
 0002:00000760 00000008H .CRT$XTA                DATA
 0002:00000768 00000008H .CRT$XTZ                DATA
 0002:00000770 00000000H .gfids$y                DATA
 0002:00000770 000006a0H .rdata                  DATA
 0002:00000e10 00000218H .rdata$zzzdbg           DATA
 0002:00001028 00000008H .rtc$IAA                DATA
 0002:00001030 00000008H .rtc$IZZ                DATA
 0002:00001038 00000008H .rtc$TAA                DATA
 0002:00001040 00000008H .rtc$TZZ                DATA
 0002:00001048 00000e68H .xdata                  DATA
 0002:00001eb0 00000084H .edata                  DATA
 0002:00001f34 000001ccH .idata$2                DATA
 0002:00002100 00000018H .idata$3                DATA
 0002:00002118 00000720H .idata$4                DATA
 0002:00002838 000014acH .idata$6                DATA
 0003:00000000 0000d9f0H .data                   DATA
 0003:0000d9f0 00000658H .bss                    DATA
 0004:00000000 0000114cH .pdata                  DATA

  Address         Publics by Value              Rva+Base               Lib:Object

 0000:00000000       __guard_iat_count          0000000000000000     <absolute>
 0000:00000000       __guard_fids_count         0000000000000000     <absolute>
 0000:00000000       ___safe_se_handler_count   0000000000000000     <absolute>
 0000:00000000       __hybrid_auxiliary_iat     0000000000000000     <absolute>
 0000:00000000       __enclave_config           0000000000000000     <absolute>
 0000:00000000       __guard_longjmp_table      0000000000000000     <absolute>
 0000:00000000       ___safe_se_handler_table   0000000000000000     <absolute>
 0000:00000000       __hybrid_code_map_count    0000000000000000     <absolute>
 0000:00000000       __dynamic_value_reloc_table 0000000000000000     <absolute>
 0000:00000000       __guard_longjmp_count      0000000000000000     <absolute>
 0000:00000000       __guard_iat_table          0000000000000000     <absolute>
 0000:00000000       __guard_fids_table         0000000000000000     <absolute>
 0000:00000000       __hybrid_code_map          0000000000000000     <absolute>
 0000:00000100       __guard_flags              0000000000000100     <absolute>
 0000:00000000       __ImageBase                0000000180000000     <linker-defined>
 0001:00000000       flightControlSystem_initializer 0000000180001000 f   flightControlSystem_sfun.obj
 0001:00000010       flightControlSystem_terminator 0000000180001010 f   flightControlSystem_sfun.obj
 0001:00000020       load_flightControlSystem_optimization_info 0000000180001020 f   flightControlSystem_sfun.obj
 0001:000000d0       unload_flightControlSystem_optimization_info 00000001800010d0 f   flightControlSystem_sfun.obj
 0001:00000100       sf_flightControlSystem_method_dispatcher 0000000180001100 f   flightControlSystem_sfun.obj
 0001:00000150       sf_flightControlSystem_process_check_sum_call 0000000180001150 f   flightControlSystem_sfun.obj
 0001:00000640       sf_flightControlSystem_get_eml_resolved_functions_info 0000000180001640 f   flightControlSystem_sfun.obj
 0001:00000820       sf_flightControlSystem_third_party_uses_info 0000000180001820 f   flightControlSystem_sfun.obj
 0001:000009f0       sf_flightControlSystem_jit_fallback_info 00000001800019f0 f   flightControlSystem_sfun.obj
 0001:00000bc0       sf_flightControlSystem_get_post_codegen_info 0000000180001bc0 f   flightControlSystem_sfun.obj
 0001:00000da0       sf_flightControlSystem_updateBuildInfo_args_info 0000000180001da0 f   flightControlSystem_sfun.obj
 0001:00000f70       flightControlSystem_debug_initialize 0000000180001f70 f   flightControlSystem_sfun.obj
 0001:00000ff0       flightControlSystem_register_exported_symbols 0000000180001ff0 f   flightControlSystem_sfun.obj
 0001:00001000       sf_c2_flightControlSystem_get_eml_resolved_functions_info 0000000180002000 f   c2_flightControlSystem.obj
 0001:00001080       sf_c2_flightControlSystem_get_check_sum 0000000180002080 f   c2_flightControlSystem.obj
 0001:00001150       c2_flightControlSystem_method_dispatcher 0000000180002150 f   c2_flightControlSystem.obj
 0001:00049bb0       sf_c2_flightControlSystem_third_party_uses_info 000000018004abb0 f   c2_flightControlSystem.obj
 0001:00049d10       sf_c2_flightControlSystem_jit_fallback_info 000000018004ad10 f   c2_flightControlSystem.obj
 0001:00049ea0       sf_c2_flightControlSystem_updateBuildInfo_args_info 000000018004aea0 f   c2_flightControlSystem.obj
 0001:0004a200       sf_c2_flightControlSystem_get_post_codegen_info 000000018004b200 f   c2_flightControlSystem.obj
 0001:0004a550       mexFunction                000000018004b550 f   flightControlSystem_sfun_registry.obj
 0001:0004caf0       _ssSetInputPortDirectFeedThroughFcn 000000018004daf0 f   flightControlSystem_sfun_registry.obj
 0001:0004cc60       _ssSetRWorkValueFcn        000000018004dc60 f   flightControlSystem_sfun_registry.obj
 0001:0004cce0       _ssGetRWorkValueFcn        000000018004dce0 f   flightControlSystem_sfun_registry.obj
 0001:0004cd50       _ssSetIWorkValueFcn        000000018004dd50 f   flightControlSystem_sfun_registry.obj
 0001:0004cdd0       _ssGetIWorkValueFcn        000000018004ddd0 f   flightControlSystem_sfun_registry.obj
 0001:0004ce40       _ssSetPWorkValueFcn        000000018004de40 f   flightControlSystem_sfun_registry.obj
 0001:0004cec0       _ssGetPWorkValueFcn        000000018004dec0 f   flightControlSystem_sfun_registry.obj
 0001:0004cf30       _ssGetInputPortSignalFcn   000000018004df30 f   flightControlSystem_sfun_registry.obj
 0001:0004d2c0       _ssGetInputPortBufferDstPortFcn 000000018004e2c0 f   flightControlSystem_sfun_registry.obj
 0001:0004d340       _ssGetInputPortSignalPtrsFcn 000000018004e340 f   flightControlSystem_sfun_registry.obj
 0001:0004d6d0       ssGetParameterTuningCompliance 000000018004e6d0 f   flightControlSystem_sfun_registry.obj
 0001:0004d740       ssGetDTypeIdFromMxArray    000000018004e740 f   flightControlSystem_sfun_registry.obj
 0001:0004d860       ssWriteRTWMx2dMatParam     000000018004e860 f   flightControlSystem_sfun_registry.obj
 0001:0004d8f0       ssWriteRTWMxVectParam      000000018004e8f0 f   flightControlSystem_sfun_registry.obj
 0001:0004d970       ssWriteRTWParameters       000000018004e970 f   flightControlSystem_sfun_registry.obj
 0001:0004df30       ssWriteRTWParamSettings    000000018004ef30 f   flightControlSystem_sfun_registry.obj
 0001:0004e620       ssWriteRTWStr              000000018004f620 f   flightControlSystem_sfun_registry.obj
 0001:0004e680       ssWriteRTWWorkVect         000000018004f680 f   flightControlSystem_sfun_registry.obj
 0001:0004ebe0       ssWarning                  000000018004fbe0 f   flightControlSystem_sfun_registry.obj
 0001:0004ecd0       ssWriteRTWNameValuePair    000000018004fcd0 f   flightControlSystem_sfun_registry.obj
 0001:0004f1d0       _ssSetInputPortMatrixDimensions 00000001800501d0 f   flightControlSystem_sfun_registry.obj
 0001:0004f2f0       _ssSetOutputPortMatrixDimensions 00000001800502f0 f   flightControlSystem_sfun_registry.obj
 0001:0004f410       _ssSetInputPortVectorDimension 0000000180050410 f   flightControlSystem_sfun_registry.obj
 0001:0004f4c0       _ssSetOutputPortVectorDimension 00000001800504c0 f   flightControlSystem_sfun_registry.obj
 0001:0004f570       ssIsRunTimeParamTunable    0000000180050570 f   flightControlSystem_sfun_registry.obj
 0001:0004f5e0       ssGetSFuncBlockHandle      00000001800505e0 f   flightControlSystem_sfun_registry.obj
 0001:0004f650       _ssGetCurrentInputPortWidth 0000000180050650 f   flightControlSystem_sfun_registry.obj
 0001:0004f770       _ssGetCurrentOutputPortWidth 0000000180050770 f   flightControlSystem_sfun_registry.obj
 0001:0004f890       _ssGetCallSystemNumFcnCallDestinations 0000000180050890 f   flightControlSystem_sfun_registry.obj
 0001:0004f900       ssGetIsZeroCrossControlDisabled 0000000180050900 f   flightControlSystem_sfun_registry.obj
 0001:0004f970       ssSetIsInputPortUsedForContZcSignal 0000000180050970 f   flightControlSystem_sfun_registry.obj
 0001:0004f9e0       ssSetZcSignalIsZcElementDisc 00000001800509e0 f   flightControlSystem_sfun_registry.obj
 0001:0004fa90       ssSetZcSignalName          0000000180050a90 f   flightControlSystem_sfun_registry.obj
 0001:0004fb00       ssSetZcSignalWidth         0000000180050b00 f   flightControlSystem_sfun_registry.obj
 0001:0004fb70       ssSetZcSignalZcEventType   0000000180050b70 f   flightControlSystem_sfun_registry.obj
 0001:0004fbe0       ssSetZcSignalType          0000000180050be0 f   flightControlSystem_sfun_registry.obj
 0001:0004fc50       ssSetZcSignalZcTol         0000000180050c50 f   flightControlSystem_sfun_registry.obj
 0001:0004fcc0       ssSetZcSignalNeedsEventNotification 0000000180050cc0 f   flightControlSystem_sfun_registry.obj
 0001:0004fd30       ssCreateAndAddZcSignalInfo 0000000180050d30 f   flightControlSystem_sfun_registry.obj
 0001:0004fda0       ssCloneAndAddZcSignalInfo  0000000180050da0 f   flightControlSystem_sfun_registry.obj
 0001:0004fe10       ssGetNumZcSignals          0000000180050e10 f   flightControlSystem_sfun_registry.obj
 0001:0004fe80       ssGetZcSignalVector        0000000180050e80 f   flightControlSystem_sfun_registry.obj
 0001:0004fef0       ssGetZcSignalName          0000000180050ef0 f   flightControlSystem_sfun_registry.obj
 0001:0004ff60       ssGetZcSignalWidth         0000000180050f60 f   flightControlSystem_sfun_registry.obj
 0001:0004ffd0       ssGetZcSignalZcEventType   0000000180050fd0 f   flightControlSystem_sfun_registry.obj
 0001:00050040       ssGetZcSignalZcEvents      0000000180051040 f   flightControlSystem_sfun_registry.obj
 0001:000500b0       ssGetZcSignalType          00000001800510b0 f   flightControlSystem_sfun_registry.obj
 0001:00050120       ssGetZcSignalZcTol         0000000180051120 f   flightControlSystem_sfun_registry.obj
 0001:000501a0       ssGetZcSignalNeedsEventNotification 00000001800511a0 f   flightControlSystem_sfun_registry.obj
 0001:00050210       ssGetZcSignalIsZcElementDisc 0000000180051210 f   flightControlSystem_sfun_registry.obj
 0001:000502b0       ssGetIsInputPortElementContinuous 00000001800512b0 f   flightControlSystem_sfun_registry.obj
 0001:00050350       _ssGetAbsTol               0000000180051350 f   flightControlSystem_sfun_registry.obj
 0001:000503c0       _ssSetStateAbsTol          00000001800513c0 f   flightControlSystem_sfun_registry.obj
 0001:000504a0       _ssSetInputPortReusableFcn 00000001800514a0 f   flightControlSystem_sfun_registry.obj
 0001:000505a0       _ssSetOutputPortReusableFcn 00000001800515a0 f   flightControlSystem_sfun_registry.obj
 0001:000506a0       _ssSetSymbolicDimsSupport  00000001800516a0 f   flightControlSystem_sfun_registry.obj
 0001:00050710       _ssRegisterSymbolicDimsExpr 0000000180051710 f   flightControlSystem_sfun_registry.obj
 0001:00050790       _ssRegisterSymbolicDims    0000000180051790 f   flightControlSystem_sfun_registry.obj
 0001:00050830       _ssRegisterSymbolicDimsString 0000000180051830 f   flightControlSystem_sfun_registry.obj
 0001:000508b0       _ssRegisterSymbolicDimsIntValue 00000001800518b0 f   flightControlSystem_sfun_registry.obj
 0001:00050920       _ssRegisterSymbolicDimsPlus 0000000180051920 f   flightControlSystem_sfun_registry.obj
 0001:000509a0       _ssRegisterSymbolicDimsMinus 00000001800519a0 f   flightControlSystem_sfun_registry.obj
 0001:00050a20       _ssRegisterSymbolicDimsMultiply 0000000180051a20 f   flightControlSystem_sfun_registry.obj
 0001:00050aa0       _ssRegisterSymbolicDimsDivide 0000000180051aa0 f   flightControlSystem_sfun_registry.obj
 0001:00050b20       _ssGetNumSymbolicDims      0000000180051b20 f   flightControlSystem_sfun_registry.obj
 0001:00050b90       _ssGetSymbolicDim          0000000180051b90 f   flightControlSystem_sfun_registry.obj
 0001:00050c10       _ssSetInputPortSymbolicDimsId 0000000180051c10 f   flightControlSystem_sfun_registry.obj
 0001:00050c80       _ssGetCompInputPortSymbolicDimsId 0000000180051c80 f   flightControlSystem_sfun_registry.obj
 0001:00050cf0       _ssSetCompInputPortSymbolicDimsId 0000000180051cf0 f   flightControlSystem_sfun_registry.obj
 0001:00050d60       _ssSetOutputPortSymbolicDimsId 0000000180051d60 f   flightControlSystem_sfun_registry.obj
 0001:00050dd0       _ssGetCompOutputPortSymbolicDimsId 0000000180051dd0 f   flightControlSystem_sfun_registry.obj
 0001:00050e40       _ssSetCompOutputPortSymbolicDimsId 0000000180051e40 f   flightControlSystem_sfun_registry.obj
 0001:00050eb0       _ssSetCompDWorkSymbolicDimsId 0000000180051eb0 f   flightControlSystem_sfun_registry.obj
 0001:00050f20       sf_process_check_sum_call  0000000180051f20 f   flightControlSystem_sfun_registry.obj
 0001:00050f70       sf_process_get_third_party_uses_info_call 0000000180051f70 f   flightControlSystem_sfun_registry.obj
 0001:000511a0       sf_process_get_jit_fallback_info_call 00000001800521a0 f   flightControlSystem_sfun_registry.obj
 0001:000513d0       sf_process_get_post_codegen_info_call 00000001800523d0 f   flightControlSystem_sfun_registry.obj
 0001:00051600       sf_process_get_updateBuildInfo_args_info_call 0000000180052600 f   flightControlSystem_sfun_registry.obj
 0001:00051830       sf_process_get_eml_resolved_functions_info_call 0000000180052830 f   flightControlSystem_sfun_registry.obj
 0001:00051a60       sf_mex_unlock_call         0000000180052a60 f   flightControlSystem_sfun_registry.obj
 0001:00051d00       sf_machine_global_initializer_called 0000000180052d00 f   flightControlSystem_sfun_registry.obj
 0001:00051d30       sf_machine_global_method_dispatcher 0000000180052d30 f   flightControlSystem_sfun_registry.obj
 0001:00051d90       sf_machine_global_terminator 0000000180052d90 f   flightControlSystem_sfun_registry.obj
 0001:00051de0       sf_register_machine_exported_symbols 0000000180052de0 f   flightControlSystem_sfun_registry.obj
 0001:00051e00       callCustomFcn              0000000180052e00 f   flightControlSystem_sfun_registry.obj
 0001:00051e10       sf_machine_global_initializer 0000000180052e10 f   flightControlSystem_sfun_registry.obj
 0001:00051e90       mdlGetSimState             0000000180052e90 f   flightControlSystem_sfun_registry.obj
 0001:00051ed0       mdlSetSimState             0000000180052ed0 f   flightControlSystem_sfun_registry.obj
 0001:00052740       ProcessMexSfunctionEveryCall 0000000180053740 f   flightControlSystem_sfun_registry.obj
 0001:00053850       __local_stdio_printf_options 0000000180054850 f i flightControlSystem_sfun_registry.obj
 0001:00053860       _vsnprintf_l               0000000180054860 f i flightControlSystem_sfun_registry.obj
 0001:000538e0       _vsprintf_l                00000001800548e0 f i flightControlSystem_sfun_registry.obj
 0001:00053930       sprintf                    0000000180054930 f i flightControlSystem_sfun_registry.obj
 0001:00053980       mexfilerequiredapiversion  0000000180054980 f   c_mexapi_version.obj
 0001:000539a1       bwlookup_tbb_boolean       00000001800549a1 f   libmwbwlookup_tbb:libmwbwlookup_tbb.dll
 0001:000539a7       cannythresholding_real32_tbb 00000001800549a7 f   libmwcannythresholding_tbb:libmwcannythresholding_tbb.dll
 0001:000539ad       grayto8_real64             00000001800549ad f   libmwgrayto8:libmwgrayto8.dll
 0001:000539b3       grayto8_real32             00000001800549b3 f   libmwgrayto8:libmwgrayto8.dll
 0001:000539b9       ippfilter_real32           00000001800549b9 f   libmwippfilter:libmwippfilter.dll
 0001:000539bf       getnumcores                00000001800549bf f   libmwgetnumcores:libmwgetnumcores.dll
 0001:000539c5       imfilter_real32            00000001800549c5 f   libmwimfilter:libmwimfilter.dll
 0001:000539cb       imregionalmax_real64       00000001800549cb f   libmwimregionalmax:libmwimregionalmax.dll
 0001:000539d1       ordfilt2_real64            00000001800549d1 f   libmwordfilt2:libmwordfilt2.dll
 0001:000539d7       ippreconstruct_uint8       00000001800549d7 f   libmwippreconstruct:libmwippreconstruct.dll
 0001:000539dd       ippreconstruct_real64      00000001800549dd f   libmwippreconstruct:libmwippreconstruct.dll
 0001:000539e3       sf_load_rtw_optimization_info 00000001800549e3 f   sf_runtime:sf_runtime.dll
 0001:000539e9       sf_mex_decode              00000001800549e9 f   sf_runtime:sf_runtime.dll
 0001:000539ef       sf_debug_initialize_machine 00000001800549ef f   sf_runtime:sf_runtime.dll
 0001:000539f5       sf_debug_set_machine_event_thresholds 00000001800549f5 f   sf_runtime:sf_runtime.dll
 0001:000539fb       sf_debug_set_machine_data_thresholds 00000001800549fb f   sf_runtime:sf_runtime.dll
 0001:00053a01       sf_init_ChartRunTimeInfo   0000000180054a01 f   sf_runtime:sf_runtime.dll
 0001:00053a07       sf_free_ChartRunTimeInfo   0000000180054a07 f   sf_runtime:sf_runtime.dll
 0001:00053a0d       sfrtGetEmlrtCtx            0000000180054a0d f   sf_runtime:sf_runtime.dll
 0001:00053a13       sfrtGetCovrtInstance       0000000180054a13 f   sf_runtime:sf_runtime.dll
 0001:00053a19       sf_get_chart_instance_ptr  0000000180054a19 f   sf_runtime:sf_runtime.dll
 0001:00053a1f       sim_mode_is_rtw_gen        0000000180054a1f f   sf_runtime:sf_runtime.dll
 0001:00053a25       sim_mode_is_external       0000000180054a25 f   sf_runtime:sf_runtime.dll
 0001:00053a2b       sf_mex_listen_for_ctrl_c   0000000180054a2b f   sf_runtime:sf_runtime.dll
 0001:00053a31       sf_clear_rtw_identifier    0000000180054a31 f   sf_runtime:sf_runtime.dll
 0001:00053a37       sf_get_time                0000000180054a37 f   sf_runtime:sf_runtime.dll
 0001:00053a3d       sf_is_first_init_cond      0000000180054a3d f   sf_runtime:sf_runtime.dll
 0001:00053a43       setLegacyDebuggerFlag      0000000180054a43 f   sf_runtime:sf_runtime.dll
 0001:00053a49       setDebuggerFlag            0000000180054a49 f   sf_runtime:sf_runtime.dll
 0001:00053a4f       sf_set_work_widths         0000000180054a4f f   sf_runtime:sf_runtime.dll
 0001:00053a55       sfListenerCacheSimStruct   0000000180054a55 f   sf_runtime:sf_runtime.dll
 0001:00053a5b       sfListenerLightTerminate   0000000180054a5b f   sf_runtime:sf_runtime.dll
 0001:00053a61       sf_mex_call_debug          0000000180054a61 f   sf_runtime:sf_runtime.dll
 0001:00053a67       sf_mex_error_message       0000000180054a67 f   sf_runtime:sf_runtime.dll
 0001:00053a6d       sf_mex_getfield            0000000180054a6d f   sf_runtime:sf_runtime.dll
 0001:00053a73       sf_mex_setfieldbynum       0000000180054a73 f   sf_runtime:sf_runtime.dll
 0001:00053a79       sf_mex_createfield         0000000180054a79 f   sf_runtime:sf_runtime.dll
 0001:00053a7f       sf_mex_check_struct_vs     0000000180054a7f f   sf_runtime:sf_runtime.dll
 0001:00053a85       sf_mex_createstructarray   0000000180054a85 f   sf_runtime:sf_runtime.dll
 0001:00053a8b       sf_mex_create              0000000180054a8b f   sf_runtime:sf_runtime.dll
 0001:00053a91       sf_mex_createcellmatrix    0000000180054a91 f   sf_runtime:sf_runtime.dll
 0001:00053a97       sf_mex_setcell             0000000180054a97 f   sf_runtime:sf_runtime.dll
 0001:00053a9d       sf_mex_getcell             0000000180054a9d f   sf_runtime:sf_runtime.dll
 0001:00053aa3       sf_mex_assign              0000000180054aa3 f   sf_runtime:sf_runtime.dll
 0001:00053aa9       sf_mex_dup                 0000000180054aa9 f   sf_runtime:sf_runtime.dll
 0001:00053aaf       sf_mex_destroy             0000000180054aaf f   sf_runtime:sf_runtime.dll
 0001:00053ab5       sf_mex_import              0000000180054ab5 f   sf_runtime:sf_runtime.dll
 0001:00053abb       sf_mex_import_vs           0000000180054abb f   sf_runtime:sf_runtime.dll
 0001:00053ac1       sf_mex_get_dimension       0000000180054ac1 f   sf_runtime:sf_runtime.dll
 0001:00053ac7       ssGetInputPortSignal_wrapper 0000000180054ac7 f   sf_runtime:sf_runtime.dll
 0001:00053acd       ssGetOutputPortSignal_wrapper 0000000180054acd f   sf_runtime:sf_runtime.dll
 0001:00053ad3       sf_eml_array_bounds_check  0000000180054ad3 f   sf_runtime:sf_runtime.dll
 0001:00053ad9       sf_integer_check           0000000180054ad9 f   sf_runtime:sf_runtime.dll
 0001:00053adf       sf_debug_initialize_chart  0000000180054adf f   sf_runtime:sf_runtime.dll
 0001:00053ae5       sf_debug_call              0000000180054ae5 f   sf_runtime:sf_runtime.dll
 0001:00053aeb       eml_debug_line_call        0000000180054aeb f   sf_runtime:sf_runtime.dll
 0001:00053af1       sf_debug_reset_current_state_configuration 0000000180054af1 f   sf_runtime:sf_runtime.dll
 0001:00053af7       sf_debug_set_chart_data_props 0000000180054af7 f   sf_runtime:sf_runtime.dll
 0001:00053afd       sf_debug_set_chart_data_compiled_props 0000000180054afd f   sf_runtime:sf_runtime.dll
 0001:00053b03       sf_debug_symbol_scope_push 0000000180054b03 f   sf_runtime:sf_runtime.dll
 0001:00053b09       sf_debug_symbol_scope_push_eml 0000000180054b09 f   sf_runtime:sf_runtime.dll
 0001:00053b0f       sf_debug_symbol_scope_pop  0000000180054b0f f   sf_runtime:sf_runtime.dll
 0001:00053b15       sf_debug_symbol_scope_add_eml 0000000180054b15 f   sf_runtime:sf_runtime.dll
 0001:00053b1b       sf_debug_symbol_scope_add_eml_importable 0000000180054b1b f   sf_runtime:sf_runtime.dll
 0001:00053b21       sf_debug_symbol_scope_add_eml_dyn_emx_importable 0000000180054b21 f   sf_runtime:sf_runtime.dll
 0001:00053b27       sf_debug_set_instance_data_value_ptr 0000000180054b27 f   sf_runtime:sf_runtime.dll
 0001:00053b2d       sf_debug_set_chart_disable_implicit_casting 0000000180054b2d f   sf_runtime:sf_runtime.dll
 0001:00053b33       sf_debug_set_chart_event_thresholds 0000000180054b33 f   sf_runtime:sf_runtime.dll
 0001:00053b39       sf_debug_set_chart_state_info 0000000180054b39 f   sf_runtime:sf_runtime.dll
 0001:00053b3f       sf_debug_set_chart_decomposition 0000000180054b3f f   sf_runtime:sf_runtime.dll
 0001:00053b45       sf_debug_set_chart_substate_count 0000000180054b45 f   sf_runtime:sf_runtime.dll
 0001:00053b4b       sf_debug_size_eq_check_1d  0000000180054b4b f   sf_runtime:sf_runtime.dll
 0001:00053b51       sf_debug_size_eq_check_nd  0000000180054b51 f   sf_runtime:sf_runtime.dll
 0001:00053b57       sf_debug_sub_assign_size_check_1d 0000000180054b57 f   sf_runtime:sf_runtime.dll
 0001:00053b5d       sf_debug_sub_assign_size_check_nd 0000000180054b5d f   sf_runtime:sf_runtime.dll
 0001:00053b63       sf_debug_for_loop_vector_check 0000000180054b63 f   sf_runtime:sf_runtime.dll
 0001:00053b69       sf_debug_non_negative_check 0000000180054b69 f   sf_runtime:sf_runtime.dll
 0001:00053b6f       sf_debug_data_range_wrapper 0000000180054b6f f   sf_runtime:sf_runtime.dll
 0001:00053b75       sf_debug_overflow_detection 0000000180054b75 f   sf_runtime:sf_runtime.dll
 0001:00053b7b       sf_get_ChartInfoStruct_CodeGen 0000000180054b7b f   sf_runtime:sf_runtime.dll
 0001:00053b81       sf_get_hasSeparateUpdateOutputs 0000000180054b81 f   sf_runtime:sf_runtime.dll
 0001:00053b87       callMdlMethodAndReportError 0000000180054b87 f   sf_runtime:sf_runtime.dll
 0001:00053b8d       call_sf_machine_global_method_dispatcher 0000000180054b8d f   sf_runtime:sf_runtime.dll
 0001:00053b93       getRuntimeInstanceInfoAsVoid 0000000180054b93 f   sf_runtime:sf_runtime.dll
 0001:00053b99       sf_mex_error_direct_call   0000000180054b99 f   sf_runtime:sf_runtime.dll
 0001:00053b9f       sf_clear_error_manager_info 0000000180054b9f f   sf_runtime:sf_runtime.dll
 0001:00053ba5       sf_debug_create_debug_instance_struct 0000000180054ba5 f   sf_runtime:sf_runtime.dll
 0001:00053bab       sf_debug_terminate         0000000180054bab f   sf_runtime:sf_runtime.dll
 0001:00053bb1       sf_debug_api               0000000180054bb1 f   sf_runtime:sf_runtime.dll
 0001:00053bb7       mxIsChar_800               0000000180054bb7 f   libmx:libmx.dll
 0001:00053bbd       mxGetScalar_800            0000000180054bbd f   libmx:libmx.dll
 0001:00053bc3       mxGetPr_800                0000000180054bc3 f   libmx:libmx.dll
 0001:00053bc9       mxDestroyArray_800         0000000180054bc9 f   libmx:libmx.dll
 0001:00053bcf       mxCreateDoubleMatrix_800   0000000180054bcf f   libmx:libmx.dll
 0001:00053bd5       mxGetString_800            0000000180054bd5 f   libmx:libmx.dll
 0001:00053bdb       mxDuplicateArray_800       0000000180054bdb f   libmx:libmx.dll
 0001:00053be1       mxSetCell_800              0000000180054be1 f   libmx:libmx.dll
 0001:00053be7       mxSetField_800             0000000180054be7 f   libmx:libmx.dll
 0001:00053bed       mxCreateString_800         0000000180054bed f   libmx:libmx.dll
 0001:00053bf3       mxCreateCellMatrix_800     0000000180054bf3 f   libmx:libmx.dll
 0001:00053bf9       mxCreateStructMatrix_800   0000000180054bf9 f   libmx:libmx.dll
 0001:00053bff       mxGetInf_800               0000000180054bff f   libmx:libmx.dll
 0001:00053c05       mxGetNaN_800               0000000180054c05 f   libmx:libmx.dll
 0001:00053c0b       mxCalloc_800               0000000180054c0b f   libmx:libmx.dll
 0001:00053c11       mxGetM_800                 0000000180054c11 f   libmx:libmx.dll
 0001:00053c17       mxGetClassID_800           0000000180054c17 f   libmx:libmx.dll
 0001:00053c1d       mxIsNumeric_800            0000000180054c1d f   libmx:libmx.dll
 0001:00053c23       mxIsComplex_800            0000000180054c23 f   libmx:libmx.dll
 0001:00053c29       mxGetN_800                 0000000180054c29 f   libmx:libmx.dll
 0001:00053c2f       mxCreateDoubleScalar_800   0000000180054c2f f   libmx:libmx.dll
 0001:00053c35       mexMakeArrayPersistent_800 0000000180054c35 f   libmex:libmex.dll
 0001:00053c3b       mexErrMsgTxt_800           0000000180054c3b f   libmex:libmex.dll
 0001:00053c41       mexWarnMsgTxt_800          0000000180054c41 f   libmex:libmex.dll
 0001:00053c47       mexCallMATLAB_800          0000000180054c47 f   libmex:libmex.dll
 0001:00053c4d       mexLock_800                0000000180054c4d f   libmex:libmex.dll
 0001:00053c53       mexUnlock_800              0000000180054c53 f   libmex:libmex.dll
 0001:00053c59       mexIsLocked_800            0000000180054c59 f   libmex:libmex.dll
 0001:00053c5f       utMalloc                   0000000180054c5f f   libut:libut.dll
 0001:00053c65       utFree                     0000000180054c65 f   libut:libut.dll
 0001:00053c6b       muDoubleScalarAbs          0000000180054c6b f   libmwmathutil:libmwmathutil.dll
 0001:00053c71       muDoubleScalarCeil         0000000180054c71 f   libmwmathutil:libmwmathutil.dll
 0001:00053c77       muDoubleScalarFloor        0000000180054c77 f   libmwmathutil:libmwmathutil.dll
 0001:00053c7d       muDoubleScalarRound        0000000180054c7d f   libmwmathutil:libmwmathutil.dll
 0001:00053c83       muDoubleScalarCos          0000000180054c83 f   libmwmathutil:libmwmathutil.dll
 0001:00053c89       muDoubleScalarExp          0000000180054c89 f   libmwmathutil:libmwmathutil.dll
 0001:00053c8f       muDoubleScalarAtan2        0000000180054c8f f   libmwmathutil:libmwmathutil.dll
 0001:00053c95       muDoubleScalarMax          0000000180054c95 f   libmwmathutil:libmwmathutil.dll
 0001:00053c9b       muDoubleScalarSin          0000000180054c9b f   libmwmathutil:libmwmathutil.dll
 0001:00053ca1       muDoubleScalarSign         0000000180054ca1 f   libmwmathutil:libmwmathutil.dll
 0001:00053ca7       muDoubleScalarRem          0000000180054ca7 f   libmwmathutil:libmwmathutil.dll
 0001:00053cad       muDoubleScalarHypot        0000000180054cad f   libmwmathutil:libmwmathutil.dll
 0001:00053cb3       muSingleScalarAbs          0000000180054cb3 f   libmwmathutil:libmwmathutil.dll
 0001:00053cb9       muSingleScalarCeil         0000000180054cb9 f   libmwmathutil:libmwmathutil.dll
 0001:00053cbf       muSingleScalarFloor        0000000180054cbf f   libmwmathutil:libmwmathutil.dll
 0001:00053cc5       muSingleScalarMax          0000000180054cc5 f   libmwmathutil:libmwmathutil.dll
 0001:00053ccb       muSingleScalarMin          0000000180054ccb f   libmwmathutil:libmwmathutil.dll
 0001:00053cd1       muSingleScalarHypot        0000000180054cd1 f   libmwmathutil:libmwmathutil.dll
 0001:00053cd7       muDoubleScalarIsNaN        0000000180054cd7 f   libmwmathutil:libmwmathutil.dll
 0001:00053cdd       muDoubleScalarIsInf        0000000180054cdd f   libmwmathutil:libmwmathutil.dll
 0001:00053ce3       muSingleScalarIsNaN        0000000180054ce3 f   libmwmathutil:libmwmathutil.dll
 0001:00053ce9       muSingleScalarIsInf        0000000180054ce9 f   libmwmathutil:libmwmathutil.dll
 0001:00053cef       emlrtLicenseCheckR2012b    0000000180054cef f   libemlrt:libemlrt.dll
 0001:00053cf5       emlrtSizeMulR2012b         0000000180054cf5 f   libemlrt:libemlrt.dll
 0001:00053cfb       emlrtMallocMex             0000000180054cfb f   libemlrt:libemlrt.dll
 0001:00053d01       emlrtCallocMex             0000000180054d01 f   libemlrt:libemlrt.dll
 0001:00053d07       emlrtFreeMex               0000000180054d07 f   libemlrt:libemlrt.dll
 0001:00053d0d       emlrtHeapAllocationErrorR2012b 0000000180054d0d f   libemlrt:libemlrt.dll
 0001:00053d13       covrtCreateStateflowInstanceData 0000000180054d13 f   libcovrt:libcovrt.dll
 0001:00053d19       covrtDeleteStateflowInstanceData 0000000180054d19 f   libcovrt:libcovrt.dll
 0001:00053d1f       covrtTransInitFcn          0000000180054d1f f   libcovrt:libcovrt.dll
 0001:00053d25       covrtStateInitFcn          0000000180054d25 f   libcovrt:libcovrt.dll
 0001:00053d2b       covrtChartInitFcn          0000000180054d2b f   libcovrt:libcovrt.dll
 0001:00053d31       covrtRelationalopUpdateFcn 0000000180054d31 f   libcovrt:libcovrt.dll
 0001:00053d37       covrtSigUpdateFcn          0000000180054d37 f   libcovrt:libcovrt.dll
 0001:00053d3d       covrtEmlInitFcn            0000000180054d3d f   libcovrt:libcovrt.dll
 0001:00053d43       covrtEmlFcnInitFcn         0000000180054d43 f   libcovrt:libcovrt.dll
 0001:00053d49       covrtEmlIfInitFcn          0000000180054d49 f   libcovrt:libcovrt.dll
 0001:00053d4f       covrtEmlForInitFcn         0000000180054d4f f   libcovrt:libcovrt.dll
 0001:00053d55       covrtEmlMCDCInitFcn        0000000180054d55 f   libcovrt:libcovrt.dll
 0001:00053d5b       covrtEmlRelationalInitFcn  0000000180054d5b f   libcovrt:libcovrt.dll
 0001:00053d61       covrtEmlFcnEval            0000000180054d61 f   libcovrt:libcovrt.dll
 0001:00053d67       covrtEmlIfEval             0000000180054d67 f   libcovrt:libcovrt.dll
 0001:00053d6d       covrtEmlForEval            0000000180054d6d f   libcovrt:libcovrt.dll
 0001:00053d73       covrtEmlCondEval           0000000180054d73 f   libcovrt:libcovrt.dll
 0001:00053d79       covrtEmlMcdcEval           0000000180054d79 f   libcovrt:libcovrt.dll
 0001:00053d80       __raise_securityfailure    0000000180054d80 f   MSVCRT:gs_report.obj
 0001:00053db4       __report_gsfailure         0000000180054db4 f   MSVCRT:gs_report.obj
 0001:00053e88       __report_rangecheckfailure 0000000180054e88 f   MSVCRT:gs_report.obj
 0001:00053e9c       __report_securityfailure   0000000180054e9c f   MSVCRT:gs_report.obj
 0001:00053f38       __report_securityfailureEx 0000000180054f38 f   MSVCRT:gs_report.obj
 0001:0005412c       __GSHandlerCheck           000000018005512c f   MSVCRT:_gshandler_.obj
 0001:0005414c       __GSHandlerCheckCommon     000000018005514c f   MSVCRT:_gshandler_.obj
 0001:000541c0       __security_check_cookie    00000001800551c0 f   MSVCRT:_amdsecgs_.obj
 0001:00054200       _alloca_probe              0000000180055200 f   MSVCRT:_chkstk_.obj
 0001:00054200       __chkstk                   0000000180055200 f   MSVCRT:_chkstk_.obj
 0001:00054590       _CRT_INIT                  0000000180055590 f   MSVCRT:dll_dllmain.obj
 0001:00054598       _DllMainCRTStartup         0000000180055598 f   MSVCRT:dll_dllmain.obj
 0001:00054644       __security_init_cookie     0000000180055644 f   MSVCRT:gs_support.obj
 0001:000546f4       DllMain                    00000001800556f4 f   MSVCRT:dll_dllmain_stub.obj
 0001:00054718       ?__scrt_initialize_type_info@@YAXXZ 0000000180055718 f   MSVCRT:tncleanup.obj
 0001:00054728       ?__scrt_uninitialize_type_info@@YAXXZ 0000000180055728 f   MSVCRT:tncleanup.obj
 0001:00054734       __local_stdio_scanf_options 0000000180055734 f i MSVCRT:default_local_stdio_options.obj
 0001:0005473c       __scrt_initialize_default_local_stdio_options 000000018005573c f   MSVCRT:default_local_stdio_options.obj
 0001:00054758       ??$__crt_fast_decode_pointer@PEAP6AXXZ@@YAPEAP6AXXZQEAP6AXXZ@Z 0000000180055758 f i MSVCRT:utility.obj
 0001:00054770       ??$__crt_fast_encode_pointer@PEAP6AXXZ@@YAPEAP6AXXZQEAP6AXXZ@Z 0000000180055770 f i MSVCRT:utility.obj
 0001:00054790       ?__crt_rotate_pointer_value@@YA_K_KH@Z 0000000180055790 f i MSVCRT:utility.obj
 0001:0005479c       ?configure_argv@__scrt_narrow_argv_policy@@SAHXZ 000000018005579c f i MSVCRT:utility.obj
 0001:000547fc       ?initialize_environment@__scrt_narrow_environment_policy@@SAHXZ 00000001800557fc f i MSVCRT:utility.obj
 0001:00054834       NtCurrentTeb               0000000180055834 f i MSVCRT:utility.obj
 0001:00054840       __scrt_acquire_startup_lock 0000000180055840 f   MSVCRT:utility.obj
 0001:0005487c       __scrt_dllmain_after_initialize_c 000000018005587c f   MSVCRT:utility.obj
 0001:000548b0       __scrt_dllmain_before_initialize_c 00000001800558b0 f   MSVCRT:utility.obj
 0001:000548c8       __scrt_dllmain_crt_thread_attach 00000001800558c8 f   MSVCRT:utility.obj
 0001:000548f0       __scrt_dllmain_crt_thread_detach 00000001800558f0 f   MSVCRT:utility.obj
 0001:00054908       __scrt_dllmain_exception_filter 0000000180055908 f   MSVCRT:utility.obj
 0001:00054968       __scrt_dllmain_uninitialize_c 0000000180055968 f   MSVCRT:utility.obj
 0001:00054998       __scrt_dllmain_uninitialize_critical 0000000180055998 f   MSVCRT:utility.obj
 0001:000549ac       __scrt_initialize_crt      00000001800559ac f   MSVCRT:utility.obj
 0001:000549f8       __scrt_initialize_onexit_tables 00000001800559f8 f   MSVCRT:utility.obj
 0001:00054ad4       __scrt_is_nonwritable_in_current_image 0000000180055ad4 f   MSVCRT:utility.obj
 0001:00054b70       __scrt_release_startup_lock 0000000180055b70 f   MSVCRT:utility.obj
 0001:00054b94       __scrt_uninitialize_crt    0000000180055b94 f   MSVCRT:utility.obj
 0001:00054bc0       _onexit                    0000000180055bc0 f   MSVCRT:utility.obj
 0001:00054c10       at_quick_exit              0000000180055c10 f   MSVCRT:utility.obj
 0001:00054c48       atexit                     0000000180055c48 f   MSVCRT:utility.obj
 0001:00054c60       __scrt_get_dyn_tls_init_callback 0000000180055c60 f   MSVCRT:dyn_tls_init.obj
 0001:00054c68       __crt_debugger_hook        0000000180055c68 f   MSVCRT:utility_desktop.obj
 0001:00054c70       __scrt_fastfail            0000000180055c70 f   MSVCRT:utility_desktop.obj
 0001:00054dbc       __scrt_get_show_window_mode 0000000180055dbc f   MSVCRT:utility_desktop.obj
 0001:00054df8       __scrt_initialize_winrt    0000000180055df8 f   MSVCRT:utility_desktop.obj
 0001:00054dfc       __scrt_is_managed_app      0000000180055dfc f   MSVCRT:utility_desktop.obj
 0001:00054e50       __scrt_set_unhandled_exception_filter 0000000180055e50 f   MSVCRT:utility_desktop.obj
 0001:00054e60       __scrt_unhandled_exception_filter 0000000180055e60 f   MSVCRT:utility_desktop.obj
 0001:00054e98       _RTC_Initialize            0000000180055e98 f   MSVCRT:_initsect_.obj
 0001:00054ed4       _RTC_Terminate             0000000180055ed4 f   MSVCRT:_initsect_.obj
 0001:00054f10       _guard_check_icall_nop     0000000180055f10 f i MSVCRT:guard_support.obj
 0001:00054f14       ReadNoFence64              0000000180055f14 f i MSVCRT:guard_support.obj
 0001:00054f18       ReadPointerNoFence         0000000180055f18 f i MSVCRT:guard_support.obj
 0001:00054f1c       _guard_icall_checks_enforced 0000000180055f1c f i MSVCRT:guard_support.obj
 0001:00054f34       _guard_rf_checks_enforced  0000000180055f34 f i MSVCRT:guard_support.obj
 0001:00054f38       __isa_available_init       0000000180055f38 f   MSVCRT:_cpu_disp_.obj
 0001:000550f4       _get_startup_argv_mode     00000001800560f4 f   MSVCRT:argv_mode.obj
 0001:000550fc       __scrt_is_ucrt_dll_in_use  00000001800560fc f   MSVCRT:ucrt_detection.obj
 0001:00055110       RtlCaptureContext          0000000180056110 f   kernel32:KERNEL32.dll
 0001:00055116       RtlLookupFunctionEntry     0000000180056116 f   kernel32:KERNEL32.dll
 0001:0005511c       RtlVirtualUnwind           000000018005611c f   kernel32:KERNEL32.dll
 0001:00055122       UnhandledExceptionFilter   0000000180056122 f   kernel32:KERNEL32.dll
 0001:00055128       SetUnhandledExceptionFilter 0000000180056128 f   kernel32:KERNEL32.dll
 0001:0005512e       GetCurrentProcess          000000018005612e f   kernel32:KERNEL32.dll
 0001:00055134       TerminateProcess           0000000180056134 f   kernel32:KERNEL32.dll
 0001:0005513a       IsProcessorFeaturePresent  000000018005613a f   kernel32:KERNEL32.dll
 0001:00055140       QueryPerformanceCounter    0000000180056140 f   kernel32:KERNEL32.dll
 0001:00055146       GetCurrentProcessId        0000000180056146 f   kernel32:KERNEL32.dll
 0001:0005514c       GetCurrentThreadId         000000018005614c f   kernel32:KERNEL32.dll
 0001:00055152       GetSystemTimeAsFileTime    0000000180056152 f   kernel32:KERNEL32.dll
 0001:00055158       DisableThreadLibraryCalls  0000000180056158 f   kernel32:KERNEL32.dll
 0001:0005515e       InitializeSListHead        000000018005615e f   kernel32:KERNEL32.dll
 0001:00055164       IsDebuggerPresent          0000000180056164 f   kernel32:KERNEL32.dll
 0001:0005516a       GetStartupInfoW            000000018005616a f   kernel32:KERNEL32.dll
 0001:00055170       GetModuleHandleW           0000000180056170 f   kernel32:KERNEL32.dll
 0001:00055176       memcpy                     0000000180056176 f   vcruntime:VCRUNTIME140.dll
 0001:0005517c       memset                     000000018005617c f   vcruntime:VCRUNTIME140.dll
 0001:00055182       __C_specific_handler       0000000180056182 f   vcruntime:VCRUNTIME140.dll
 0001:00055188       __std_type_info_destroy_list 0000000180056188 f   vcruntime:VCRUNTIME140.dll
 0001:0005518e       strcmp                     000000018005618e f   ucrt:api-ms-win-crt-string-l1-1-0.dll
 0001:00055194       frexp                      0000000180056194 f   ucrt:api-ms-win-crt-math-l1-1-0.dll
 0001:0005519a       ldexp                      000000018005619a f   ucrt:api-ms-win-crt-math-l1-1-0.dll
 0001:000551a0       __stdio_common_vsprintf    00000001800561a0 f   ucrt:api-ms-win-crt-stdio-l1-1-0.dll
 0001:000551a6       free                       00000001800561a6 f   ucrt:api-ms-win-crt-heap-l1-1-0.dll
 0001:000551ac       malloc                     00000001800561ac f   ucrt:api-ms-win-crt-heap-l1-1-0.dll
 0001:000551b2       strlen                     00000001800561b2 f   ucrt:api-ms-win-crt-string-l1-1-0.dll
 0001:000551b8       _initterm                  00000001800561b8 f   ucrt:api-ms-win-crt-runtime-l1-1-0.dll
 0001:000551be       _initterm_e                00000001800561be f   ucrt:api-ms-win-crt-runtime-l1-1-0.dll
 0001:000551c4       _seh_filter_dll            00000001800561c4 f   ucrt:api-ms-win-crt-runtime-l1-1-0.dll
 0001:000551ca       _configure_narrow_argv     00000001800561ca f   ucrt:api-ms-win-crt-runtime-l1-1-0.dll
 0001:000551d0       _initialize_narrow_environment 00000001800561d0 f   ucrt:api-ms-win-crt-runtime-l1-1-0.dll
 0001:000551d6       _initialize_onexit_table   00000001800561d6 f   ucrt:api-ms-win-crt-runtime-l1-1-0.dll
 0001:000551dc       _register_onexit_function  00000001800561dc f   ucrt:api-ms-win-crt-runtime-l1-1-0.dll
 0001:000551e2       _execute_onexit_table      00000001800561e2 f   ucrt:api-ms-win-crt-runtime-l1-1-0.dll
 0001:000551e8       _crt_atexit                00000001800561e8 f   ucrt:api-ms-win-crt-runtime-l1-1-0.dll
 0001:000551ee       _crt_at_quick_exit         00000001800561ee f   ucrt:api-ms-win-crt-runtime-l1-1-0.dll
 0001:000551f4       _cexit                     00000001800561f4 f   ucrt:api-ms-win-crt-runtime-l1-1-0.dll
 0001:000551fa       terminate                  00000001800561fa f   ucrt:api-ms-win-crt-runtime-l1-1-0.dll
 0001:00055200       __vcrt_initialize          0000000180056200 f   MSVCRT:ucrt_stubs.obj
 0001:00055200       __acrt_initialize          0000000180056200 f   MSVCRT:ucrt_stubs.obj
 0001:00055200       __scrt_stub_for_acrt_initialize 0000000180056200 f   MSVCRT:ucrt_stubs.obj
 0001:00055204       __scrt_stub_for_acrt_thread_attach 0000000180056204 f   MSVCRT:ucrt_stubs.obj
 0001:00055204       __acrt_thread_attach       0000000180056204 f   MSVCRT:ucrt_stubs.obj
 0001:00055204       __vcrt_thread_attach       0000000180056204 f   MSVCRT:ucrt_stubs.obj
 0001:00055208       __acrt_thread_detach       0000000180056208 f   MSVCRT:ucrt_stubs.obj
 0001:00055208       __vcrt_thread_detach       0000000180056208 f   MSVCRT:ucrt_stubs.obj
 0001:00055208       __scrt_stub_for_acrt_thread_detach 0000000180056208 f   MSVCRT:ucrt_stubs.obj
 0001:0005520c       __vcrt_uninitialize        000000018005620c f   MSVCRT:ucrt_stubs.obj
 0001:0005520c       __scrt_stub_for_acrt_uninitialize 000000018005620c f   MSVCRT:ucrt_stubs.obj
 0001:0005520c       __acrt_uninitialize        000000018005620c f   MSVCRT:ucrt_stubs.obj
 0001:00055210       __scrt_stub_for_acrt_uninitialize_critical 0000000180056210 f   MSVCRT:ucrt_stubs.obj
 0001:00055210       __vcrt_uninitialize_critical 0000000180056210 f   MSVCRT:ucrt_stubs.obj
 0001:00055210       __acrt_uninitialize_critical 0000000180056210 f   MSVCRT:ucrt_stubs.obj
 0001:00055214       _is_c_termination_complete 0000000180056214 f   MSVCRT:ucrt_stubs.obj
 0001:00055214       __scrt_stub_for_is_c_termination_complete 0000000180056214 f   MSVCRT:ucrt_stubs.obj
 0001:00055230       _guard_dispatch_icall_nop  0000000180056230 f   MSVCRT:_guard_dispatch_.obj
 0002:00000000       __imp_TerminateProcess     0000000180057000     kernel32:KERNEL32.dll
 0002:00000008       __imp_IsProcessorFeaturePresent 0000000180057008     kernel32:KERNEL32.dll
 0002:00000010       __imp_RtlCaptureContext    0000000180057010     kernel32:KERNEL32.dll
 0002:00000018       __imp_QueryPerformanceCounter 0000000180057018     kernel32:KERNEL32.dll
 0002:00000020       __imp_RtlLookupFunctionEntry 0000000180057020     kernel32:KERNEL32.dll
 0002:00000028       __imp_GetCurrentProcessId  0000000180057028     kernel32:KERNEL32.dll
 0002:00000030       __imp_GetCurrentThreadId   0000000180057030     kernel32:KERNEL32.dll
 0002:00000038       __imp_GetSystemTimeAsFileTime 0000000180057038     kernel32:KERNEL32.dll
 0002:00000040       __imp_DisableThreadLibraryCalls 0000000180057040     kernel32:KERNEL32.dll
 0002:00000048       __imp_InitializeSListHead  0000000180057048     kernel32:KERNEL32.dll
 0002:00000050       __imp_IsDebuggerPresent    0000000180057050     kernel32:KERNEL32.dll
 0002:00000058       __imp_GetStartupInfoW      0000000180057058     kernel32:KERNEL32.dll
 0002:00000060       __imp_GetModuleHandleW     0000000180057060     kernel32:KERNEL32.dll
 0002:00000068       __imp_SetUnhandledExceptionFilter 0000000180057068     kernel32:KERNEL32.dll
 0002:00000070       __imp_GetCurrentProcess    0000000180057070     kernel32:KERNEL32.dll
 0002:00000078       __imp_UnhandledExceptionFilter 0000000180057078     kernel32:KERNEL32.dll
 0002:00000080       __imp_RtlVirtualUnwind     0000000180057080     kernel32:KERNEL32.dll
 0002:00000088       \177KERNEL32_NULL_THUNK_DATA 0000000180057088     kernel32:KERNEL32.dll
 0002:00000090       __imp___C_specific_handler 0000000180057090     vcruntime:VCRUNTIME140.dll
 0002:00000098       __imp___std_type_info_destroy_list 0000000180057098     vcruntime:VCRUNTIME140.dll
 0002:000000a0       __imp_memcpy               00000001800570a0     vcruntime:VCRUNTIME140.dll
 0002:000000a8       __imp_memset               00000001800570a8     vcruntime:VCRUNTIME140.dll
 0002:000000b0       \177VCRUNTIME140_NULL_THUNK_DATA 00000001800570b0     vcruntime:VCRUNTIME140.dll
 0002:000000b8       __imp_free                 00000001800570b8     ucrt:api-ms-win-crt-heap-l1-1-0.dll
 0002:000000c0       __imp_malloc               00000001800570c0     ucrt:api-ms-win-crt-heap-l1-1-0.dll
 0002:000000c8       \177api-ms-win-crt-heap-l1-1-0_NULL_THUNK_DATA 00000001800570c8     ucrt:api-ms-win-crt-heap-l1-1-0.dll
 0002:000000d0       __imp_frexp                00000001800570d0     ucrt:api-ms-win-crt-math-l1-1-0.dll
 0002:000000d8       __imp_ldexp                00000001800570d8     ucrt:api-ms-win-crt-math-l1-1-0.dll
 0002:000000e0       \177api-ms-win-crt-math-l1-1-0_NULL_THUNK_DATA 00000001800570e0     ucrt:api-ms-win-crt-math-l1-1-0.dll
 0002:000000e8       __imp__seh_filter_dll      00000001800570e8     ucrt:api-ms-win-crt-runtime-l1-1-0.dll
 0002:000000f0       __imp__initialize_narrow_environment 00000001800570f0     ucrt:api-ms-win-crt-runtime-l1-1-0.dll
 0002:000000f8       __imp__initialize_onexit_table 00000001800570f8     ucrt:api-ms-win-crt-runtime-l1-1-0.dll
 0002:00000100       __imp__register_onexit_function 0000000180057100     ucrt:api-ms-win-crt-runtime-l1-1-0.dll
 0002:00000108       __imp__execute_onexit_table 0000000180057108     ucrt:api-ms-win-crt-runtime-l1-1-0.dll
 0002:00000110       __imp__crt_atexit          0000000180057110     ucrt:api-ms-win-crt-runtime-l1-1-0.dll
 0002:00000118       __imp__crt_at_quick_exit   0000000180057118     ucrt:api-ms-win-crt-runtime-l1-1-0.dll
 0002:00000120       __imp__cexit               0000000180057120     ucrt:api-ms-win-crt-runtime-l1-1-0.dll
 0002:00000128       __imp_terminate            0000000180057128     ucrt:api-ms-win-crt-runtime-l1-1-0.dll
 0002:00000130       __imp__configure_narrow_argv 0000000180057130     ucrt:api-ms-win-crt-runtime-l1-1-0.dll
 0002:00000138       __imp__initterm_e          0000000180057138     ucrt:api-ms-win-crt-runtime-l1-1-0.dll
 0002:00000140       __imp__initterm            0000000180057140     ucrt:api-ms-win-crt-runtime-l1-1-0.dll
 0002:00000148       \177api-ms-win-crt-runtime-l1-1-0_NULL_THUNK_DATA 0000000180057148     ucrt:api-ms-win-crt-runtime-l1-1-0.dll
 0002:00000150       __imp___stdio_common_vsprintf 0000000180057150     ucrt:api-ms-win-crt-stdio-l1-1-0.dll
 0002:00000158       \177api-ms-win-crt-stdio-l1-1-0_NULL_THUNK_DATA 0000000180057158     ucrt:api-ms-win-crt-stdio-l1-1-0.dll
 0002:00000160       __imp_strlen               0000000180057160     ucrt:api-ms-win-crt-string-l1-1-0.dll
 0002:00000168       __imp_strcmp               0000000180057168     ucrt:api-ms-win-crt-string-l1-1-0.dll
 0002:00000170       \177api-ms-win-crt-string-l1-1-0_NULL_THUNK_DATA 0000000180057170     ucrt:api-ms-win-crt-string-l1-1-0.dll
 0002:00000178       __imp_covrtCreateStateflowInstanceData 0000000180057178     libcovrt:libcovrt.dll
 0002:00000180       __imp_covrtEmlMcdcEval     0000000180057180     libcovrt:libcovrt.dll
 0002:00000188       __imp_covrtEmlCondEval     0000000180057188     libcovrt:libcovrt.dll
 0002:00000190       __imp_covrtEmlForEval      0000000180057190     libcovrt:libcovrt.dll
 0002:00000198       __imp_covrtEmlIfEval       0000000180057198     libcovrt:libcovrt.dll
 0002:000001a0       __imp_covrtEmlFcnEval      00000001800571a0     libcovrt:libcovrt.dll
 0002:000001a8       __imp_covrtEmlRelationalInitFcn 00000001800571a8     libcovrt:libcovrt.dll
 0002:000001b0       __imp_covrtEmlMCDCInitFcn  00000001800571b0     libcovrt:libcovrt.dll
 0002:000001b8       __imp_covrtEmlForInitFcn   00000001800571b8     libcovrt:libcovrt.dll
 0002:000001c0       __imp_covrtEmlIfInitFcn    00000001800571c0     libcovrt:libcovrt.dll
 0002:000001c8       __imp_covrtEmlFcnInitFcn   00000001800571c8     libcovrt:libcovrt.dll
 0002:000001d0       __imp_covrtEmlInitFcn      00000001800571d0     libcovrt:libcovrt.dll
 0002:000001d8       __imp_covrtSigUpdateFcn    00000001800571d8     libcovrt:libcovrt.dll
 0002:000001e0       __imp_covrtRelationalopUpdateFcn 00000001800571e0     libcovrt:libcovrt.dll
 0002:000001e8       __imp_covrtChartInitFcn    00000001800571e8     libcovrt:libcovrt.dll
 0002:000001f0       __imp_covrtStateInitFcn    00000001800571f0     libcovrt:libcovrt.dll
 0002:000001f8       __imp_covrtTransInitFcn    00000001800571f8     libcovrt:libcovrt.dll
 0002:00000200       __imp_covrtDeleteStateflowInstanceData 0000000180057200     libcovrt:libcovrt.dll
 0002:00000208       \177libcovrt_NULL_THUNK_DATA 0000000180057208     libcovrt:libcovrt.dll
 0002:00000210       __imp_emlrtHeapAllocationErrorR2012b 0000000180057210     libemlrt:libemlrt.dll
 0002:00000218       __imp_emlrtFreeMex         0000000180057218     libemlrt:libemlrt.dll
 0002:00000220       __imp_emlrtCallocMex       0000000180057220     libemlrt:libemlrt.dll
 0002:00000228       __imp_emlrtMallocMex       0000000180057228     libemlrt:libemlrt.dll
 0002:00000230       __imp_emlrtSizeMulR2012b   0000000180057230     libemlrt:libemlrt.dll
 0002:00000238       __imp_emlrtLicenseCheckR2012b 0000000180057238     libemlrt:libemlrt.dll
 0002:00000240       \177libemlrt_NULL_THUNK_DATA 0000000180057240     libemlrt:libemlrt.dll
 0002:00000248       __imp_mexMakeArrayPersistent_800 0000000180057248     libmex:libmex.dll
 0002:00000250       __imp_mexIsLocked_800      0000000180057250     libmex:libmex.dll
 0002:00000258       __imp_mexUnlock_800        0000000180057258     libmex:libmex.dll
 0002:00000260       __imp_mexLock_800          0000000180057260     libmex:libmex.dll
 0002:00000268       __imp_mexCallMATLAB_800    0000000180057268     libmex:libmex.dll
 0002:00000270       __imp_mexWarnMsgTxt_800    0000000180057270     libmex:libmex.dll
 0002:00000278       __imp_mexErrMsgTxt_800     0000000180057278     libmex:libmex.dll
 0002:00000280       \177libmex_NULL_THUNK_DATA 0000000180057280     libmex:libmex.dll
 0002:00000288       __imp_bwlookup_tbb_boolean 0000000180057288     libmwbwlookup_tbb:libmwbwlookup_tbb.dll
 0002:00000290       \177libmwbwlookup_tbb_NULL_THUNK_DATA 0000000180057290     libmwbwlookup_tbb:libmwbwlookup_tbb.dll
 0002:00000298       __imp_cannythresholding_real32_tbb 0000000180057298     libmwcannythresholding_tbb:libmwcannythresholding_tbb.dll
 0002:000002a0       \177libmwcannythresholding_tbb_NULL_THUNK_DATA 00000001800572a0     libmwcannythresholding_tbb:libmwcannythresholding_tbb.dll
 0002:000002a8       __imp_getnumcores          00000001800572a8     libmwgetnumcores:libmwgetnumcores.dll
 0002:000002b0       \177libmwgetnumcores_NULL_THUNK_DATA 00000001800572b0     libmwgetnumcores:libmwgetnumcores.dll
 0002:000002b8       __imp_grayto8_real64       00000001800572b8     libmwgrayto8:libmwgrayto8.dll
 0002:000002c0       __imp_grayto8_real32       00000001800572c0     libmwgrayto8:libmwgrayto8.dll
 0002:000002c8       \177libmwgrayto8_NULL_THUNK_DATA 00000001800572c8     libmwgrayto8:libmwgrayto8.dll
 0002:000002d0       __imp_imfilter_real32      00000001800572d0     libmwimfilter:libmwimfilter.dll
 0002:000002d8       \177libmwimfilter_NULL_THUNK_DATA 00000001800572d8     libmwimfilter:libmwimfilter.dll
 0002:000002e0       __imp_imregionalmax_real64 00000001800572e0     libmwimregionalmax:libmwimregionalmax.dll
 0002:000002e8       \177libmwimregionalmax_NULL_THUNK_DATA 00000001800572e8     libmwimregionalmax:libmwimregionalmax.dll
 0002:000002f0       __imp_ippfilter_real32     00000001800572f0     libmwippfilter:libmwippfilter.dll
 0002:000002f8       \177libmwippfilter_NULL_THUNK_DATA 00000001800572f8     libmwippfilter:libmwippfilter.dll
 0002:00000300       __imp_ippreconstruct_real64 0000000180057300     libmwippreconstruct:libmwippreconstruct.dll
 0002:00000308       __imp_ippreconstruct_uint8 0000000180057308     libmwippreconstruct:libmwippreconstruct.dll
 0002:00000310       \177libmwippreconstruct_NULL_THUNK_DATA 0000000180057310     libmwippreconstruct:libmwippreconstruct.dll
 0002:00000318       __imp_muDoubleScalarCeil   0000000180057318     libmwmathutil:libmwmathutil.dll
 0002:00000320       __imp_muSingleScalarIsInf  0000000180057320     libmwmathutil:libmwmathutil.dll
 0002:00000328       __imp_muSingleScalarIsNaN  0000000180057328     libmwmathutil:libmwmathutil.dll
 0002:00000330       __imp_muDoubleScalarIsInf  0000000180057330     libmwmathutil:libmwmathutil.dll
 0002:00000338       __imp_muDoubleScalarIsNaN  0000000180057338     libmwmathutil:libmwmathutil.dll
 0002:00000340       __imp_muSingleScalarHypot  0000000180057340     libmwmathutil:libmwmathutil.dll
 0002:00000348       __imp_muSingleScalarMin    0000000180057348     libmwmathutil:libmwmathutil.dll
 0002:00000350       __imp_muSingleScalarMax    0000000180057350     libmwmathutil:libmwmathutil.dll
 0002:00000358       __imp_muSingleScalarFloor  0000000180057358     libmwmathutil:libmwmathutil.dll
 0002:00000360       __imp_muSingleScalarCeil   0000000180057360     libmwmathutil:libmwmathutil.dll
 0002:00000368       __imp_muSingleScalarAbs    0000000180057368     libmwmathutil:libmwmathutil.dll
 0002:00000370       __imp_muDoubleScalarHypot  0000000180057370     libmwmathutil:libmwmathutil.dll
 0002:00000378       __imp_muDoubleScalarRem    0000000180057378     libmwmathutil:libmwmathutil.dll
 0002:00000380       __imp_muDoubleScalarSign   0000000180057380     libmwmathutil:libmwmathutil.dll
 0002:00000388       __imp_muDoubleScalarSin    0000000180057388     libmwmathutil:libmwmathutil.dll
 0002:00000390       __imp_muDoubleScalarMax    0000000180057390     libmwmathutil:libmwmathutil.dll
 0002:00000398       __imp_muDoubleScalarAtan2  0000000180057398     libmwmathutil:libmwmathutil.dll
 0002:000003a0       __imp_muDoubleScalarExp    00000001800573a0     libmwmathutil:libmwmathutil.dll
 0002:000003a8       __imp_muDoubleScalarCos    00000001800573a8     libmwmathutil:libmwmathutil.dll
 0002:000003b0       __imp_muDoubleScalarRound  00000001800573b0     libmwmathutil:libmwmathutil.dll
 0002:000003b8       __imp_muDoubleScalarFloor  00000001800573b8     libmwmathutil:libmwmathutil.dll
 0002:000003c0       __imp_muDoubleScalarAbs    00000001800573c0     libmwmathutil:libmwmathutil.dll
 0002:000003c8       \177libmwmathutil_NULL_THUNK_DATA 00000001800573c8     libmwmathutil:libmwmathutil.dll
 0002:000003d0       __imp_ordfilt2_real64      00000001800573d0     libmwordfilt2:libmwordfilt2.dll
 0002:000003d8       \177libmwordfilt2_NULL_THUNK_DATA 00000001800573d8     libmwordfilt2:libmwordfilt2.dll
 0002:000003e0       __imp_mxGetM_800           00000001800573e0     libmx:libmx.dll
 0002:000003e8       __imp_mxIsChar_800         00000001800573e8     libmx:libmx.dll
 0002:000003f0       __imp_mxGetScalar_800      00000001800573f0     libmx:libmx.dll
 0002:000003f8       __imp_mxGetPr_800          00000001800573f8     libmx:libmx.dll
 0002:00000400       __imp_mxDestroyArray_800   0000000180057400     libmx:libmx.dll
 0002:00000408       __imp_mxCreateDoubleMatrix_800 0000000180057408     libmx:libmx.dll
 0002:00000410       __imp_mxGetString_800      0000000180057410     libmx:libmx.dll
 0002:00000418       __imp_mxDuplicateArray_800 0000000180057418     libmx:libmx.dll
 0002:00000420       __imp_mxSetCell_800        0000000180057420     libmx:libmx.dll
 0002:00000428       __imp_mxSetField_800       0000000180057428     libmx:libmx.dll
 0002:00000430       __imp_mxCreateDoubleScalar_800 0000000180057430     libmx:libmx.dll
 0002:00000438       __imp_mxGetN_800           0000000180057438     libmx:libmx.dll
 0002:00000440       __imp_mxIsComplex_800      0000000180057440     libmx:libmx.dll
 0002:00000448       __imp_mxIsNumeric_800      0000000180057448     libmx:libmx.dll
 0002:00000450       __imp_mxGetClassID_800     0000000180057450     libmx:libmx.dll
 0002:00000458       __imp_mxCreateString_800   0000000180057458     libmx:libmx.dll
 0002:00000460       __imp_mxCalloc_800         0000000180057460     libmx:libmx.dll
 0002:00000468       __imp_mxGetNaN_800         0000000180057468     libmx:libmx.dll
 0002:00000470       __imp_mxGetInf_800         0000000180057470     libmx:libmx.dll
 0002:00000478       __imp_mxCreateStructMatrix_800 0000000180057478     libmx:libmx.dll
 0002:00000480       __imp_mxCreateCellMatrix_800 0000000180057480     libmx:libmx.dll
 0002:00000488       \177libmx_NULL_THUNK_DATA  0000000180057488     libmx:libmx.dll
 0002:00000490       __imp_utFree               0000000180057490     libut:libut.dll
 0002:00000498       __imp_utMalloc             0000000180057498     libut:libut.dll
 0002:000004a0       \177libut_NULL_THUNK_DATA  00000001800574a0     libut:libut.dll
 0002:000004a8       __imp_sf_debug_size_eq_check_1d 00000001800574a8     sf_runtime:sf_runtime.dll
 0002:000004b0       __imp_sf_debug_size_eq_check_nd 00000001800574b0     sf_runtime:sf_runtime.dll
 0002:000004b8       __imp_sf_debug_symbol_scope_add_eml_dyn_emx_importable 00000001800574b8     sf_runtime:sf_runtime.dll
 0002:000004c0       __imp_sf_debug_set_instance_data_value_ptr 00000001800574c0     sf_runtime:sf_runtime.dll
 0002:000004c8       __imp_sf_debug_set_chart_disable_implicit_casting 00000001800574c8     sf_runtime:sf_runtime.dll
 0002:000004d0       __imp_sf_debug_set_chart_event_thresholds 00000001800574d0     sf_runtime:sf_runtime.dll
 0002:000004d8       __imp_sf_debug_symbol_scope_add_eml_importable 00000001800574d8     sf_runtime:sf_runtime.dll
 0002:000004e0       __imp_sf_debug_symbol_scope_add_eml 00000001800574e0     sf_runtime:sf_runtime.dll
 0002:000004e8       __imp_sf_debug_symbol_scope_pop 00000001800574e8     sf_runtime:sf_runtime.dll
 0002:000004f0       __imp_sf_debug_symbol_scope_push_eml 00000001800574f0     sf_runtime:sf_runtime.dll
 0002:000004f8       __imp_sf_debug_symbol_scope_push 00000001800574f8     sf_runtime:sf_runtime.dll
 0002:00000500       __imp_sf_debug_set_chart_data_compiled_props 0000000180057500     sf_runtime:sf_runtime.dll
 0002:00000508       __imp_sf_debug_set_chart_data_props 0000000180057508     sf_runtime:sf_runtime.dll
 0002:00000510       __imp_sf_debug_reset_current_state_configuration 0000000180057510     sf_runtime:sf_runtime.dll
 0002:00000518       __imp_eml_debug_line_call  0000000180057518     sf_runtime:sf_runtime.dll
 0002:00000520       __imp_sf_debug_call        0000000180057520     sf_runtime:sf_runtime.dll
 0002:00000528       __imp_sf_debug_initialize_chart 0000000180057528     sf_runtime:sf_runtime.dll
 0002:00000530       __imp_sf_integer_check     0000000180057530     sf_runtime:sf_runtime.dll
 0002:00000538       __imp_sf_debug_set_chart_state_info 0000000180057538     sf_runtime:sf_runtime.dll
 0002:00000540       __imp_ssGetOutputPortSignal_wrapper 0000000180057540     sf_runtime:sf_runtime.dll
 0002:00000548       __imp_ssGetInputPortSignal_wrapper 0000000180057548     sf_runtime:sf_runtime.dll
 0002:00000550       __imp_sf_mex_get_dimension 0000000180057550     sf_runtime:sf_runtime.dll
 0002:00000558       __imp_sf_mex_import_vs     0000000180057558     sf_runtime:sf_runtime.dll
 0002:00000560       __imp_sf_mex_import        0000000180057560     sf_runtime:sf_runtime.dll
 0002:00000568       __imp_sf_mex_destroy       0000000180057568     sf_runtime:sf_runtime.dll
 0002:00000570       __imp_sf_mex_dup           0000000180057570     sf_runtime:sf_runtime.dll
 0002:00000578       __imp_sf_mex_assign        0000000180057578     sf_runtime:sf_runtime.dll
 0002:00000580       __imp_sf_mex_getcell       0000000180057580     sf_runtime:sf_runtime.dll
 0002:00000588       __imp_sf_mex_setcell       0000000180057588     sf_runtime:sf_runtime.dll
 0002:00000590       __imp_sf_mex_createcellmatrix 0000000180057590     sf_runtime:sf_runtime.dll
 0002:00000598       __imp_sf_mex_create        0000000180057598     sf_runtime:sf_runtime.dll
 0002:000005a0       __imp_sf_mex_createstructarray 00000001800575a0     sf_runtime:sf_runtime.dll
 0002:000005a8       __imp_sf_mex_check_struct_vs 00000001800575a8     sf_runtime:sf_runtime.dll
 0002:000005b0       __imp_sf_mex_createfield   00000001800575b0     sf_runtime:sf_runtime.dll
 0002:000005b8       __imp_sf_mex_setfieldbynum 00000001800575b8     sf_runtime:sf_runtime.dll
 0002:000005c0       __imp_sf_mex_getfield      00000001800575c0     sf_runtime:sf_runtime.dll
 0002:000005c8       __imp_sf_mex_error_message 00000001800575c8     sf_runtime:sf_runtime.dll
 0002:000005d0       __imp_sf_mex_call_debug    00000001800575d0     sf_runtime:sf_runtime.dll
 0002:000005d8       __imp_sfListenerLightTerminate 00000001800575d8     sf_runtime:sf_runtime.dll
 0002:000005e0       __imp_sfListenerCacheSimStruct 00000001800575e0     sf_runtime:sf_runtime.dll
 0002:000005e8       __imp_sf_set_work_widths   00000001800575e8     sf_runtime:sf_runtime.dll
 0002:000005f0       __imp_setDebuggerFlag      00000001800575f0     sf_runtime:sf_runtime.dll
 0002:000005f8       __imp_setLegacyDebuggerFlag 00000001800575f8     sf_runtime:sf_runtime.dll
 0002:00000600       __imp_sf_is_first_init_cond 0000000180057600     sf_runtime:sf_runtime.dll
 0002:00000608       __imp_sf_get_time          0000000180057608     sf_runtime:sf_runtime.dll
 0002:00000610       __imp_sf_clear_rtw_identifier 0000000180057610     sf_runtime:sf_runtime.dll
 0002:00000618       __imp_sf_mex_listen_for_ctrl_c 0000000180057618     sf_runtime:sf_runtime.dll
 0002:00000620       __imp_sim_mode_is_external 0000000180057620     sf_runtime:sf_runtime.dll
 0002:00000628       __imp_sim_mode_is_rtw_gen  0000000180057628     sf_runtime:sf_runtime.dll
 0002:00000630       __imp_sf_get_chart_instance_ptr 0000000180057630     sf_runtime:sf_runtime.dll
 0002:00000638       __imp_sfrtGetCovrtInstance 0000000180057638     sf_runtime:sf_runtime.dll
 0002:00000640       __imp_sfrtGetEmlrtCtx      0000000180057640     sf_runtime:sf_runtime.dll
 0002:00000648       __imp_sf_free_ChartRunTimeInfo 0000000180057648     sf_runtime:sf_runtime.dll
 0002:00000650       __imp_sf_init_ChartRunTimeInfo 0000000180057650     sf_runtime:sf_runtime.dll
 0002:00000658       __imp_sf_debug_set_machine_data_thresholds 0000000180057658     sf_runtime:sf_runtime.dll
 0002:00000660       __imp_sf_debug_set_machine_event_thresholds 0000000180057660     sf_runtime:sf_runtime.dll
 0002:00000668       __imp_sf_debug_initialize_machine 0000000180057668     sf_runtime:sf_runtime.dll
 0002:00000670       __imp_sf_mex_decode        0000000180057670     sf_runtime:sf_runtime.dll
 0002:00000678       __imp_sf_load_rtw_optimization_info 0000000180057678     sf_runtime:sf_runtime.dll
 0002:00000680       __imp_sf_debug_api         0000000180057680     sf_runtime:sf_runtime.dll
 0002:00000688       __imp_sf_debug_terminate   0000000180057688     sf_runtime:sf_runtime.dll
 0002:00000690       __imp_sf_debug_create_debug_instance_struct 0000000180057690     sf_runtime:sf_runtime.dll
 0002:00000698       __imp_sf_debug_set_chart_decomposition 0000000180057698     sf_runtime:sf_runtime.dll
 0002:000006a0       __imp_sf_eml_array_bounds_check 00000001800576a0     sf_runtime:sf_runtime.dll
 0002:000006a8       __imp_sf_clear_error_manager_info 00000001800576a8     sf_runtime:sf_runtime.dll
 0002:000006b0       __imp_sf_mex_error_direct_call 00000001800576b0     sf_runtime:sf_runtime.dll
 0002:000006b8       __imp_getRuntimeInstanceInfoAsVoid 00000001800576b8     sf_runtime:sf_runtime.dll
 0002:000006c0       __imp_call_sf_machine_global_method_dispatcher 00000001800576c0     sf_runtime:sf_runtime.dll
 0002:000006c8       __imp_callMdlMethodAndReportError 00000001800576c8     sf_runtime:sf_runtime.dll
 0002:000006d0       __imp_sf_get_hasSeparateUpdateOutputs 00000001800576d0     sf_runtime:sf_runtime.dll
 0002:000006d8       __imp_sf_get_ChartInfoStruct_CodeGen 00000001800576d8     sf_runtime:sf_runtime.dll
 0002:000006e0       __imp_sf_debug_overflow_detection 00000001800576e0     sf_runtime:sf_runtime.dll
 0002:000006e8       __imp_sf_debug_data_range_wrapper 00000001800576e8     sf_runtime:sf_runtime.dll
 0002:000006f0       __imp_sf_debug_non_negative_check 00000001800576f0     sf_runtime:sf_runtime.dll
 0002:000006f8       __imp_sf_debug_for_loop_vector_check 00000001800576f8     sf_runtime:sf_runtime.dll
 0002:00000700       __imp_sf_debug_sub_assign_size_check_nd 0000000180057700     sf_runtime:sf_runtime.dll
 0002:00000708       __imp_sf_debug_set_chart_substate_count 0000000180057708     sf_runtime:sf_runtime.dll
 0002:00000710       __imp_sf_debug_sub_assign_size_check_1d 0000000180057710     sf_runtime:sf_runtime.dll
 0002:00000718       \177sf_runtime_NULL_THUNK_DATA 0000000180057718     sf_runtime:sf_runtime.dll
 0002:00000720       __guard_check_icall_fptr   0000000180057720     MSVCRT:guard_support.obj
 0002:00000728       __guard_dispatch_icall_fptr 0000000180057728     MSVCRT:guard_support.obj
 0002:00000730       __xc_a                     0000000180057730     MSVCRT:initializers.obj
 0002:00000738       __xc_z                     0000000180057738     MSVCRT:initializers.obj
 0002:00000740       __xi_a                     0000000180057740     MSVCRT:initializers.obj
 0002:00000748       __xi_z                     0000000180057748     MSVCRT:initializers.obj
 0002:00000750       __xp_a                     0000000180057750     MSVCRT:initializers.obj
 0002:00000758       __xp_z                     0000000180057758     MSVCRT:initializers.obj
 0002:00000760       __xt_a                     0000000180057760     MSVCRT:initializers.obj
 0002:00000768       __xt_z                     0000000180057768     MSVCRT:initializers.obj
 0002:00000770       __real@4156def340000000    0000000180057770     flightControlSystem_sfun.obj
 0002:00000778       __real@41a1b810a2000000    0000000180057778     flightControlSystem_sfun.obj
 0002:00000780       __real@41b92f8712000000    0000000180057780     flightControlSystem_sfun.obj
 0002:00000788       __real@41bad2f744000000    0000000180057788     flightControlSystem_sfun.obj
 0002:00000790       __real@41cd89ce05000000    0000000180057790     flightControlSystem_sfun.obj
 0002:00000798       __real@41e2bceb4b200000    0000000180057798     flightControlSystem_sfun.obj
 0002:000007a0       __real@41e3d45d53200000    00000001800577a0     flightControlSystem_sfun.obj
 0002:000007a8       __real@41e3f2a9e2200000    00000001800577a8     flightControlSystem_sfun.obj
 0002:000007b0       __real@41e3fa3198000000    00000001800577b0     flightControlSystem_sfun.obj
 0002:000007b8       __real@41e420c6a9800000    00000001800577b8     flightControlSystem_sfun.obj
 0002:000007c0       __real@41e4f82e60400000    00000001800577c0     flightControlSystem_sfun.obj
 0002:000007c8       __real@41e65f5631400000    00000001800577c8     flightControlSystem_sfun.obj
 0002:00000a94       __real@00000000            0000000180057a94     c2_flightControlSystem.obj
 0002:00000a98       __real@0000000000000000    0000000180057a98     c2_flightControlSystem.obj
 0002:00000aa0       __real@0000000000000001    0000000180057aa0     c2_flightControlSystem.obj
 0002:00000aa8       __real@00000001            0000000180057aa8     c2_flightControlSystem.obj
 0002:00000ab0       __real@0010000000000000    0000000180057ab0     c2_flightControlSystem.obj
 0002:00000ab8       __real@00800000            0000000180057ab8     c2_flightControlSystem.obj
 0002:00000ac0       __real@3cc0000000000000    0000000180057ac0     c2_flightControlSystem.obj
 0002:00000ac8       __real@3e50000000000000    0000000180057ac8     c2_flightControlSystem.obj
 0002:00000ad0       __real@3f000000            0000000180057ad0     c2_flightControlSystem.obj
 0002:00000ad4       __real@3f800000            0000000180057ad4     c2_flightControlSystem.obj
 0002:00000ad8       __real@3fa999999999999a    0000000180057ad8     c2_flightControlSystem.obj
 0002:00000ae0       __real@3fc3333333333333    0000000180057ae0     c2_flightControlSystem.obj
 0002:00000ae8       __real@3fc3333333333334    0000000180057ae8     c2_flightControlSystem.obj
 0002:00000af0       __real@3fd3333333333333    0000000180057af0     c2_flightControlSystem.obj
 0002:00000af8       __real@3fd999999999999a    0000000180057af8     c2_flightControlSystem.obj
 0002:00000b00       __real@3fe0000000000000    0000000180057b00     c2_flightControlSystem.obj
 0002:00000b08       __real@3fef62f40794a7b8    0000000180057b08     c2_flightControlSystem.obj
 0002:00000b10       __real@3ff0000000000000    0000000180057b10     c2_flightControlSystem.obj
 0002:00000b18       __real@40000000            0000000180057b18     c2_flightControlSystem.obj
 0002:00000b20       __real@4000000000000000    0000000180057b20     c2_flightControlSystem.obj
 0002:00000b28       __real@4005aa16394d481f    0000000180057b28     c2_flightControlSystem.obj
 0002:00000b30       __real@4008000000000000    0000000180057b30     c2_flightControlSystem.obj
 0002:00000b38       __real@400921fb54442d18    0000000180057b38     c2_flightControlSystem.obj
 0002:00000b40       __real@4010000000000000    0000000180057b40     c2_flightControlSystem.obj
 0002:00000b48       __real@4014000000000000    0000000180057b48     c2_flightControlSystem.obj
 0002:00000b50       __real@4018000000000000    0000000180057b50     c2_flightControlSystem.obj
 0002:00000b58       __real@401921fb54442d18    0000000180057b58     c2_flightControlSystem.obj
 0002:00000b60       __real@4020000000000000    0000000180057b60     c2_flightControlSystem.obj
 0002:00000b68       __real@4022000000000000    0000000180057b68     c2_flightControlSystem.obj
 0002:00000b70       __real@4028000000000000    0000000180057b70     c2_flightControlSystem.obj
 0002:00000b78       __real@402a000000000000    0000000180057b78     c2_flightControlSystem.obj
 0002:00000b80       __real@402e000000000000    0000000180057b80     c2_flightControlSystem.obj
 0002:00000b88       __real@4039000000000000    0000000180057b88     c2_flightControlSystem.obj
 0002:00000b90       __real@403c000000000000    0000000180057b90     c2_flightControlSystem.obj
 0002:00000b98       __real@4044000000000000    0000000180057b98     c2_flightControlSystem.obj
 0002:00000ba0       __real@404a000000000000    0000000180057ba0     c2_flightControlSystem.obj
 0002:00000ba8       __real@4050000000000000    0000000180057ba8     c2_flightControlSystem.obj
 0002:00000bb0       __real@4056800000000000    0000000180057bb0     c2_flightControlSystem.obj
 0002:00000bb8       __real@405e000000000000    0000000180057bb8     c2_flightControlSystem.obj
 0002:00000bc0       __real@405e800000000000    0000000180057bc0     c2_flightControlSystem.obj
 0002:00000bc8       __real@405f000000000000    0000000180057bc8     c2_flightControlSystem.obj
 0002:00000bd0       __real@4060800000000000    0000000180057bd0     c2_flightControlSystem.obj
 0002:00000bd8       __real@4064000000000000    0000000180057bd8     c2_flightControlSystem.obj
 0002:00000be0       __real@4066600000000000    0000000180057be0     c2_flightControlSystem.obj
 0002:00000be8       __real@4066800000000000    0000000180057be8     c2_flightControlSystem.obj
 0002:00000bf0       __real@406fe00000000000    0000000180057bf0     c2_flightControlSystem.obj
 0002:00000bf8       __real@4080000000000000    0000000180057bf8     c2_flightControlSystem.obj
 0002:00000c00       __real@40ca400000000000    0000000180057c00     c2_flightControlSystem.obj
 0002:00000c08       __real@40d2c00000000000    0000000180057c08     c2_flightControlSystem.obj
 0002:00000c10       __real@40d3258000000000    0000000180057c10     c2_flightControlSystem.obj
 0002:00000c18       __real@40d325c000000000    0000000180057c18     c2_flightControlSystem.obj
 0002:00000c20       __real@41c7e5c9aa000000    0000000180057c20     c2_flightControlSystem.obj
 0002:00000c28       __real@41ce4e1a87800000    0000000180057c28     c2_flightControlSystem.obj
 0002:00000c30       __real@41dbef679a000000    0000000180057c30     c2_flightControlSystem.obj
 0002:00000c38       __real@41dfffffffc00000    0000000180057c38     c2_flightControlSystem.obj
 0002:00000c40       __real@41e0000000000000    0000000180057c40     c2_flightControlSystem.obj
 0002:00000c48       __real@41ea3febc6600000    0000000180057c48     c2_flightControlSystem.obj
 0002:00000c50       __real@427c0000            0000000180057c50     c2_flightControlSystem.obj
 0002:00000c54       __real@42f00000            0000000180057c54     c2_flightControlSystem.obj
 0002:00000c58       __real@43200000            0000000180057c58     c2_flightControlSystem.obj
 0002:00000c60       __real@bfe0000000000000    0000000180057c60     c2_flightControlSystem.obj
 0002:00000c68       __real@bff0000000000000    0000000180057c68     c2_flightControlSystem.obj
 0002:00000c70       __real@c010000000000000    0000000180057c70     c2_flightControlSystem.obj
 0002:00000c78       __real@c018000000000000    0000000180057c78     c2_flightControlSystem.obj
 0002:00000c80       __real@c028000000000000    0000000180057c80     c2_flightControlSystem.obj
 0002:00000c88       __real@c056800000000000    0000000180057c88     c2_flightControlSystem.obj
 0002:00000c90       __real@c068e00000000000    0000000180057c90     c2_flightControlSystem.obj
 0002:00000c98       __real@c1e0000000000000    0000000180057c98     c2_flightControlSystem.obj
 0002:00000ca0       __xmm@80000000000000008000000000000000 0000000180057ca0     c2_flightControlSystem.obj
 0002:00000cb0       DYNAMIC_DIMENSION_DEF      0000000180057cb0     flightControlSystem_sfun_registry.obj
 0002:00000cc8       __real@41602cbca0000000    0000000180057cc8     flightControlSystem_sfun_registry.obj
 0002:00000ce0       _pDefaultRawDllMain        0000000180057ce0     MSVCRT:dll_dllmain.obj
 0002:00000ce0       _pRawDllMain               0000000180057ce0     MSVCRT:dll_dllmain.obj
 0002:00000d10       _load_config_used          0000000180057d10     MSVCRT:loadcfg.obj
 0002:00001028       __rtc_iaa                  0000000180058028     MSVCRT:_initsect_.obj
 0002:00001030       __rtc_izz                  0000000180058030     MSVCRT:_initsect_.obj
 0002:00001038       __rtc_taa                  0000000180058038     MSVCRT:_initsect_.obj
 0002:00001040       __rtc_tzz                  0000000180058040     MSVCRT:_initsect_.obj
 0002:00001f34       __IMPORT_DESCRIPTOR_libmwbwlookup_tbb 0000000180058f34     libmwbwlookup_tbb:libmwbwlookup_tbb.dll
 0002:00001f48       __IMPORT_DESCRIPTOR_libmwcannythresholding_tbb 0000000180058f48     libmwcannythresholding_tbb:libmwcannythresholding_tbb.dll
 0002:00001f5c       __IMPORT_DESCRIPTOR_libmwgrayto8 0000000180058f5c     libmwgrayto8:libmwgrayto8.dll
 0002:00001f70       __IMPORT_DESCRIPTOR_libmwippfilter 0000000180058f70     libmwippfilter:libmwippfilter.dll
 0002:00001f84       __IMPORT_DESCRIPTOR_libmwgetnumcores 0000000180058f84     libmwgetnumcores:libmwgetnumcores.dll
 0002:00001f98       __IMPORT_DESCRIPTOR_libmwimfilter 0000000180058f98     libmwimfilter:libmwimfilter.dll
 0002:00001fac       __IMPORT_DESCRIPTOR_libmwimregionalmax 0000000180058fac     libmwimregionalmax:libmwimregionalmax.dll
 0002:00001fc0       __IMPORT_DESCRIPTOR_libmwordfilt2 0000000180058fc0     libmwordfilt2:libmwordfilt2.dll
 0002:00001fd4       __IMPORT_DESCRIPTOR_libmwippreconstruct 0000000180058fd4     libmwippreconstruct:libmwippreconstruct.dll
 0002:00001fe8       __IMPORT_DESCRIPTOR_sf_runtime 0000000180058fe8     sf_runtime:sf_runtime.dll
 0002:00001ffc       __IMPORT_DESCRIPTOR_libmx  0000000180058ffc     libmx:libmx.dll
 0002:00002010       __IMPORT_DESCRIPTOR_libmex 0000000180059010     libmex:libmex.dll
 0002:00002024       __IMPORT_DESCRIPTOR_libut  0000000180059024     libut:libut.dll
 0002:00002038       __IMPORT_DESCRIPTOR_libmwmathutil 0000000180059038     libmwmathutil:libmwmathutil.dll
 0002:0000204c       __IMPORT_DESCRIPTOR_libemlrt 000000018005904c     libemlrt:libemlrt.dll
 0002:00002060       __IMPORT_DESCRIPTOR_libcovrt 0000000180059060     libcovrt:libcovrt.dll
 0002:00002074       __IMPORT_DESCRIPTOR_KERNEL32 0000000180059074     kernel32:KERNEL32.dll
 0002:00002088       __IMPORT_DESCRIPTOR_VCRUNTIME140 0000000180059088     vcruntime:VCRUNTIME140.dll
 0002:0000209c       __IMPORT_DESCRIPTOR_api-ms-win-crt-string-l1-1-0 000000018005909c     ucrt:api-ms-win-crt-string-l1-1-0.dll
 0002:000020b0       __IMPORT_DESCRIPTOR_api-ms-win-crt-math-l1-1-0 00000001800590b0     ucrt:api-ms-win-crt-math-l1-1-0.dll
 0002:000020c4       __IMPORT_DESCRIPTOR_api-ms-win-crt-stdio-l1-1-0 00000001800590c4     ucrt:api-ms-win-crt-stdio-l1-1-0.dll
 0002:000020d8       __IMPORT_DESCRIPTOR_api-ms-win-crt-heap-l1-1-0 00000001800590d8     ucrt:api-ms-win-crt-heap-l1-1-0.dll
 0002:000020ec       __IMPORT_DESCRIPTOR_api-ms-win-crt-runtime-l1-1-0 00000001800590ec     ucrt:api-ms-win-crt-runtime-l1-1-0.dll
 0002:00002100       __NULL_IMPORT_DESCRIPTOR   0000000180059100     libmwbwlookup_tbb:libmwbwlookup_tbb.dll
 0003:0000b5d0       DYNAMIC_DIMENSION          00000001800665d0     flightControlSystem_sfun_registry.obj
 0003:0000d9a0       __security_cookie          00000001800689a0     MSVCRT:gs_cookie.obj
 0003:0000d9a8       __security_cookie_complement 00000001800689a8     MSVCRT:gs_cookie.obj
 0003:0000d9b0       _fltused                   00000001800689b0     MSVCRT:fltused.obj
 0003:0000d9c0       __scrt_native_dllmain_reason 00000001800689c0     MSVCRT:utility.obj
 0003:0000d9c8       __isa_available            00000001800689c8     MSVCRT:_cpu_disp_.obj
 0003:0000d9cc       __isa_enabled              00000001800689cc     MSVCRT:_cpu_disp_.obj
 0003:0000d9d0       __memcpy_nt_iters          00000001800689d0     MSVCRT:_cpu_disp_.obj
 0003:0000d9e0       __scrt_ucrt_dll_is_in_use  00000001800689e0     MSVCRT:ucrt_stubs.obj
 0003:0000da28       sfGlobalDebugInstanceStruct 0000000180068a28     flightControlSystem_sfun_registry.obj
 0003:0000dfc0       ?__type_info_root_node@@3U__type_info_node@@A 0000000180068fc0     MSVCRT:tncleanup.obj
 0003:0000dfd0       ?_OptionsStorage@?1??__local_stdio_printf_options@@9@4_KA 0000000180068fd0     MSVCRT:default_local_stdio_options.obj
 0003:0000dfd8       ?_OptionsStorage@?1??__local_stdio_scanf_options@@9@4_KA 0000000180068fd8     MSVCRT:default_local_stdio_options.obj
 0003:0000dfe0       __scrt_current_native_startup_state 0000000180068fe0     MSVCRT:utility.obj
 0003:0000dfe8       __scrt_native_startup_lock 0000000180068fe8     MSVCRT:utility.obj
 0003:0000e024       __scrt_debugger_hook_flag  0000000180069024     MSVCRT:utility_desktop.obj
 0003:0000e028       __favor                    0000000180069028     MSVCRT:_cpu_disp_.obj
 0003:0000e030       ?_OptionsStorage@?1??__local_stdio_printf_options@@9@9 0000000180069030     <common>
 0003:0000e038       _flightControlSystemMachineNumber_ 0000000180069038     <common>
 0003:0000e040       __dyn_tls_init_callback    0000000180069040     <common>

 entry point at        0001:00054598

 Static symbols

 0000:00000000       .debug$S                   0000000180000000     libmx:libmx.dll
 0000:00000000       .debug$S                   0000000180000000     sf_runtime:sf_runtime.dll
[...]
 0004:000008b8       $pdata$sf_opaque_initialize_c2_flightControlSystem 000000018006a8b8     c2_flightControlSystem.obj
 0004:000008c4       $pdata$sf_opaque_enable_c2_flightControlSystem 000000018006a8c4     c2_flightControlSystem.obj
 0004:000008d0       $pdata$sf_opaque_disable_c2_flightControlSystem 000000018006a8d0     c2_flightControlSystem.obj
 0004:000008dc       $pdata$sf_opaque_gateway_c2_flightControlSystem 000000018006a8dc     c2_flightControlSystem.obj
 0004:000008e8       $pdata$sf_opaque_get_sim_state_c2_flightControlSystem 000000018006a8e8     c2_flightControlSystem.obj
 0004:000008f4       $pdata$sf_opaque_set_sim_state_c2_flightControlSystem 000000018006a8f4     c2_flightControlSystem.obj
 0004:00000900       $pdata$sf_opaque_terminate_c2_flightControlSystem 000000018006a900     c2_flightControlSystem.obj
 0004:0000090c       $pdata$mdlProcessParameters_c2_flightControlSystem 000000018006a90c     c2_flightControlSystem.obj
 0004:00000918       $pdata$mdlSetWorkWidths_c2_flightControlSystem 000000018006a918     c2_flightControlSystem.obj
 0004:00000924       $pdata$mdlRTW_c2_flightControlSystem 000000018006a924     c2_flightControlSystem.obj
 0004:00000930       $pdata$mdlStart_c2_flightControlSystem 000000018006a930     c2_flightControlSystem.obj
 0004:00000ee8       $pdata$_vsnprintf_l        000000018006aee8     flightControlSystem_sfun_registry.obj
 0004:00000ef4       $pdata$_vsprintf_l         000000018006aef4     flightControlSystem_sfun_registry.obj
 0004:00000f00       $pdata$sprintf             000000018006af00     flightControlSystem_sfun_registry.obj
 0004:0000093c       $pdata$mexFunction         000000018006a93c     flightControlSystem_sfun_registry.obj
 0004:00000948       $pdata$_ssSetInputPortDirectFeedThroughFcn 000000018006a948     flightControlSystem_sfun_registry.obj
 0004:00000954       $pdata$_ssSetRWorkValueFcn 000000018006a954     flightControlSystem_sfun_registry.obj
 0004:00000960       $pdata$_ssGetRWorkValueFcn 000000018006a960     flightControlSystem_sfun_registry.obj
 0004:0000096c       $pdata$_ssSetIWorkValueFcn 000000018006a96c     flightControlSystem_sfun_registry.obj
 0004:00000978       $pdata$_ssGetIWorkValueFcn 000000018006a978     flightControlSystem_sfun_registry.obj
 0004:00000984       $pdata$_ssSetPWorkValueFcn 000000018006a984     flightControlSystem_sfun_registry.obj
 0004:00000990       $pdata$_ssGetPWorkValueFcn 000000018006a990     flightControlSystem_sfun_registry.obj
 0004:0000099c       $pdata$_ssGetInputPortSignalFcn 000000018006a99c     flightControlSystem_sfun_registry.obj
 0004:000009a8       $pdata$_ssGetInputPortBufferDstPortFcn 000000018006a9a8     flightControlSystem_sfun_registry.obj
 0004:000009b4       $pdata$_ssGetInputPortSignalPtrsFcn 000000018006a9b4     flightControlSystem_sfun_registry.obj
 0004:000009c0       $pdata$ssGetParameterTuningCompliance 000000018006a9c0     flightControlSystem_sfun_registry.obj
 0004:000009cc       $pdata$ssGetDTypeIdFromMxArray 000000018006a9cc     flightControlSystem_sfun_registry.obj
 0004:000009d8       $pdata$ssWriteRTWMx2dMatParam 000000018006a9d8     flightControlSystem_sfun_registry.obj
 0004:000009e4       $pdata$ssWriteRTWMxVectParam 000000018006a9e4     flightControlSystem_sfun_registry.obj
 0004:000009f0       $pdata$ssWriteRTWParameters 000000018006a9f0     flightControlSystem_sfun_registry.obj
 0004:000009fc       $pdata$ssWriteRTWParamSettings 000000018006a9fc     flightControlSystem_sfun_registry.obj
 0004:00000a08       $pdata$ssWriteRTWStr       000000018006aa08     flightControlSystem_sfun_registry.obj
 0004:00000a14       $pdata$ssWriteRTWWorkVect  000000018006aa14     flightControlSystem_sfun_registry.obj
 0004:00000a20       $pdata$ssWarning           000000018006aa20     flightControlSystem_sfun_registry.obj
 0004:00000a2c       $pdata$ssWriteRTWNameValuePair 000000018006aa2c     flightControlSystem_sfun_registry.obj
 0004:00000a38       $pdata$_ssSetInputPortMatrixDimensions 000000018006aa38     flightControlSystem_sfun_registry.obj
 0004:00000a44       $pdata$_ssSetOutputPortMatrixDimensions 000000018006aa44     flightControlSystem_sfun_registry.obj
 0004:00000a50       $pdata$_ssSetInputPortVectorDimension 000000018006aa50     flightControlSystem_sfun_registry.obj
 0004:00000a5c       $pdata$_ssSetOutputPortVectorDimension 000000018006aa5c     flightControlSystem_sfun_registry.obj
 0004:00000a68       $pdata$ssIsRunTimeParamTunable 000000018006aa68     flightControlSystem_sfun_registry.obj
 0004:00000a74       $pdata$ssGetSFuncBlockHandle 000000018006aa74     flightControlSystem_sfun_registry.obj
 0004:00000a80       $pdata$_ssGetCurrentInputPortWidth 000000018006aa80     flightControlSystem_sfun_registry.obj
 0004:00000a8c       $pdata$_ssGetCurrentOutputPortWidth 000000018006aa8c     flightControlSystem_sfun_registry.obj
 0004:00000a98       $pdata$_ssGetCallSystemNumFcnCallDestinations 000000018006aa98     flightControlSystem_sfun_registry.obj
 0004:00000aa4       $pdata$ssGetIsZeroCrossControlDisabled 000000018006aaa4     flightControlSystem_sfun_registry.obj
 0004:00000ab0       $pdata$ssSetIsInputPortUsedForContZcSignal 000000018006aab0     flightControlSystem_sfun_registry.obj
 0004:00000abc       $pdata$ssSetZcSignalIsZcElementDisc 000000018006aabc     flightControlSystem_sfun_registry.obj
 0004:00000ac8       $pdata$ssSetZcSignalName   000000018006aac8     flightControlSystem_sfun_registry.obj
 0004:00000ad4       $pdata$ssSetZcSignalWidth  000000018006aad4     flightControlSystem_sfun_registry.obj
 0004:00000ae0       $pdata$ssSetZcSignalZcEventType 000000018006aae0     flightControlSystem_sfun_registry.obj
 0004:00000aec       $pdata$ssSetZcSignalType   000000018006aaec     flightControlSystem_sfun_registry.obj
 0004:00000af8       $pdata$ssSetZcSignalZcTol  000000018006aaf8     flightControlSystem_sfun_registry.obj
 0004:00000b04       $pdata$ssSetZcSignalNeedsEventNotification 000000018006ab04     flightControlSystem_sfun_registry.obj
 0004:00000b10       $pdata$ssCreateAndAddZcSignalInfo 000000018006ab10     flightControlSystem_sfun_registry.obj
 0004:00000b1c       $pdata$ssCloneAndAddZcSignalInfo 000000018006ab1c     flightControlSystem_sfun_registry.obj
 0004:00000b28       $pdata$ssGetNumZcSignals   000000018006ab28     flightControlSystem_sfun_registry.obj
 0004:00000b34       $pdata$ssGetZcSignalVector 000000018006ab34     flightControlSystem_sfun_registry.obj
 0004:00000b40       $pdata$ssGetZcSignalName   000000018006ab40     flightControlSystem_sfun_registry.obj
 0004:00000b4c       $pdata$ssGetZcSignalWidth  000000018006ab4c     flightControlSystem_sfun_registry.obj
 0004:00000b58       $pdata$ssGetZcSignalZcEventType 000000018006ab58     flightControlSystem_sfun_registry.obj
 0004:00000b64       $pdata$ssGetZcSignalZcEvents 000000018006ab64     flightControlSystem_sfun_registry.obj
 0004:00000b70       $pdata$ssGetZcSignalType   000000018006ab70     flightControlSystem_sfun_registry.obj
 0004:00000b7c       $pdata$ssGetZcSignalZcTol  000000018006ab7c     flightControlSystem_sfun_registry.obj
 0004:00000b88       $pdata$ssGetZcSignalNeedsEventNotification 000000018006ab88     flightControlSystem_sfun_registry.obj
 0004:00000b94       $pdata$ssGetZcSignalIsZcElementDisc 000000018006ab94     flightControlSystem_sfun_registry.obj
 0004:00000ba0       $pdata$ssGetIsInputPortElementContinuous 000000018006aba0     flightControlSystem_sfun_registry.obj
 0004:00000bac       $pdata$_ssGetAbsTol        000000018006abac     flightControlSystem_sfun_registry.obj
 0004:00000bb8       $pdata$_ssSetInputPortReusableFcn 000000018006abb8     flightControlSystem_sfun_registry.obj
 0004:00000bc4       $pdata$_ssSetOutputPortReusableFcn 000000018006abc4     flightControlSystem_sfun_registry.obj
 0004:00000bd0       $pdata$_ssSetSymbolicDimsSupport 000000018006abd0     flightControlSystem_sfun_registry.obj
 0004:00000bdc       $pdata$_ssRegisterSymbolicDimsExpr 000000018006abdc     flightControlSystem_sfun_registry.obj
 0004:00000be8       $pdata$_ssRegisterSymbolicDims 000000018006abe8     flightControlSystem_sfun_registry.obj
 0004:00000bf4       $pdata$_ssRegisterSymbolicDimsString 000000018006abf4     flightControlSystem_sfun_registry.obj
 0004:00000c00       $pdata$_ssRegisterSymbolicDimsIntValue 000000018006ac00     flightControlSystem_sfun_registry.obj
 0004:00000c0c       $pdata$_ssRegisterSymbolicDimsPlus 000000018006ac0c     flightControlSystem_sfun_registry.obj
 0004:00000c18       $pdata$_ssRegisterSymbolicDimsMinus 000000018006ac18     flightControlSystem_sfun_registry.obj
 0004:00000c24       $pdata$_ssRegisterSymbolicDimsMultiply 000000018006ac24     flightControlSystem_sfun_registry.obj
 0004:00000c30       $pdata$_ssRegisterSymbolicDimsDivide 000000018006ac30     flightControlSystem_sfun_registry.obj
 0004:00000c3c       $pdata$_ssGetNumSymbolicDims 000000018006ac3c     flightControlSystem_sfun_registry.obj
 0004:00000c48       $pdata$_ssGetSymbolicDim   000000018006ac48     flightControlSystem_sfun_registry.obj
 0004:00000c54       $pdata$_ssSetInputPortSymbolicDimsId 000000018006ac54     flightControlSystem_sfun_registry.obj
 0004:00000c60       $pdata$_ssGetCompInputPortSymbolicDimsId 000000018006ac60     flightControlSystem_sfun_registry.obj
 0004:00000c6c       $pdata$_ssSetCompInputPortSymbolicDimsId 000000018006ac6c     flightControlSystem_sfun_registry.obj
 0004:00000c78       $pdata$_ssSetOutputPortSymbolicDimsId 000000018006ac78     flightControlSystem_sfun_registry.obj
 0004:00000c84       $pdata$_ssGetCompOutputPortSymbolicDimsId 000000018006ac84     flightControlSystem_sfun_registry.obj
 0004:00000c90       $pdata$_ssSetCompOutputPortSymbolicDimsId 000000018006ac90     flightControlSystem_sfun_registry.obj
 0004:00000c9c       $pdata$_ssSetCompDWorkSymbolicDimsId 000000018006ac9c     flightControlSystem_sfun_registry.obj
 0004:00000ca8       $pdata$sf_process_check_sum_call 000000018006aca8     flightControlSystem_sfun_registry.obj
 0004:00000cb4       $pdata$sf_process_get_third_party_uses_info_call 000000018006acb4     flightControlSystem_sfun_registry.obj
 0004:00000cc0       $pdata$sf_process_get_jit_fallback_info_call 000000018006acc0     flightControlSystem_sfun_registry.obj
 0004:00000ccc       $pdata$sf_process_get_post_codegen_info_call 000000018006accc     flightControlSystem_sfun_registry.obj
 0004:00000cd8       $pdata$sf_process_get_updateBuildInfo_args_info_call 000000018006acd8     flightControlSystem_sfun_registry.obj
 0004:00000ce4       $pdata$sf_process_get_eml_resolved_functions_info_call 000000018006ace4     flightControlSystem_sfun_registry.obj
 0004:00000cf0       $pdata$sf_mex_unlock_call  000000018006acf0     flightControlSystem_sfun_registry.obj
 0004:00000cfc       $pdata$sf_debug_api_wrapper 000000018006acfc     flightControlSystem_sfun_registry.obj
 0004:00000d08       $pdata$ProcessMexSfunctionCmdLineCall 000000018006ad08     flightControlSystem_sfun_registry.obj
 0004:00000d14       $pdata$sf_machine_global_initializer_called 000000018006ad14     flightControlSystem_sfun_registry.obj
 0004:00000d20       $pdata$sf_machine_global_method_dispatcher 000000018006ad20     flightControlSystem_sfun_registry.obj
 0004:00000d2c       $pdata$sf_machine_global_terminator 000000018006ad2c     flightControlSystem_sfun_registry.obj
 0004:00000d38       $pdata$sf_register_machine_exported_symbols 000000018006ad38     flightControlSystem_sfun_registry.obj
 0004:00000d44       $pdata$sf_machine_global_initializer 000000018006ad44     flightControlSystem_sfun_registry.obj
 0004:00000d50       $pdata$mdlGetSimState      000000018006ad50     flightControlSystem_sfun_registry.obj
 0004:00000d5c       $pdata$mdlSetSimState      000000018006ad5c     flightControlSystem_sfun_registry.obj
 0004:00000d68       $pdata$mdlSetWorkWidths    000000018006ad68     flightControlSystem_sfun_registry.obj
 0004:00000d74       $pdata$mdlProcessParameters 000000018006ad74     flightControlSystem_sfun_registry.obj
 0004:00000d80       $pdata$mdl_start_processing 000000018006ad80     flightControlSystem_sfun_registry.obj
 0004:00000d8c       $pdata$mdl_terminate_processing 000000018006ad8c     flightControlSystem_sfun_registry.obj
 0004:00000d98       $pdata$mdlStart            000000018006ad98     flightControlSystem_sfun_registry.obj
 0004:00000da4       $pdata$mdlTerminate        000000018006ada4     flightControlSystem_sfun_registry.obj
 0004:00000db0       $pdata$mdlInitializeSizes  000000018006adb0     flightControlSystem_sfun_registry.obj
 0004:00000dbc       $pdata$mdlInitializeSampleTimes 000000018006adbc     flightControlSystem_sfun_registry.obj
 0004:00000dc8       $pdata$mdl_outputs_continuous_legacy 000000018006adc8     flightControlSystem_sfun_registry.obj
 0004:00000dd4       $pdata$mdl_outputs_processing 000000018006add4     flightControlSystem_sfun_registry.obj
 0004:00000de0       $pdata$mdl_zeroCrossings_processing 000000018006ade0     flightControlSystem_sfun_registry.obj
 0004:00000dec       $pdata$mdlZeroCrossings    000000018006adec     flightControlSystem_sfun_registry.obj
 0004:00000df8       $pdata$mdl_derivatives_processing 000000018006adf8     flightControlSystem_sfun_registry.obj
 0004:00000e04       $pdata$mdlDerivatives      000000018006ae04     flightControlSystem_sfun_registry.obj
 0004:00000e10       $pdata$mdl_initialize_conditions_processing 000000018006ae10     flightControlSystem_sfun_registry.obj
 0004:00000e1c       $pdata$mdlInitializeConditions 000000018006ae1c     flightControlSystem_sfun_registry.obj
 0004:00000e28       $pdata$mdl_ext_mode_exec_processing 000000018006ae28     flightControlSystem_sfun_registry.obj
 0004:00000e34       $pdata$mdlExtModeExec      000000018006ae34     flightControlSystem_sfun_registry.obj
 0004:00000e40       $pdata$mdlRTW              000000018006ae40     flightControlSystem_sfun_registry.obj
 0004:00000e4c       $pdata$mdl_enable_processing 000000018006ae4c     flightControlSystem_sfun_registry.obj
 0004:00000e58       $pdata$mdlEnable           000000018006ae58     flightControlSystem_sfun_registry.obj
 0004:00000e64       $pdata$mdl_disable_processing 000000018006ae64     flightControlSystem_sfun_registry.obj
 0004:00000e70       $pdata$mdlDisable          000000018006ae70     flightControlSystem_sfun_registry.obj
 0004:00000e7c       $pdata$mdlOutputs          000000018006ae7c     flightControlSystem_sfun_registry.obj
 0004:00000e88       $pdata$mdl_update_processing 000000018006ae88     flightControlSystem_sfun_registry.obj
 0004:00000e94       $pdata$mdlUpdate           000000018006ae94     flightControlSystem_sfun_registry.obj
 0004:00000ea0       $pdata$ProcessMexSfunctionEveryCall 000000018006aea0     flightControlSystem_sfun_registry.obj
 0004:00000eac       $pdata$_RegNumInputPortsCB 000000018006aeac     flightControlSystem_sfun_registry.obj
 0004:00000eb8       $pdata$_RegNumOutputPortsCB 000000018006aeb8     flightControlSystem_sfun_registry.obj
 0004:00000ec4       $pdata$_CreateSimStruct    000000018006aec4     flightControlSystem_sfun_registry.obj
 0004:00000ed0       $pdata$_ProcessMexSfunctionCmdLineCall 000000018006aed0     flightControlSystem_sfun_registry.obj
 0004:00000edc       $pdata$ReportIndexOutOfBoundsError 000000018006aedc     flightControlSystem_sfun_registry.obj
 0004:00000f30       $pdata$__report_securityfailure 000000018006af30     MSVCRT:gs_report.obj
 0004:00000f3c       $pdata$__report_securityfailureEx 000000018006af3c     MSVCRT:gs_report.obj
 0004:00000f24       $pdata$__report_rangecheckfailure 000000018006af24     MSVCRT:gs_report.obj
 0004:00000f18       $pdata$__report_gsfailure  000000018006af18     MSVCRT:gs_report.obj
 0004:00000f48       $pdata$capture_current_context 000000018006af48     MSVCRT:gs_report.obj
 0004:00000f54       $pdata$capture_previous_context 000000018006af54     MSVCRT:gs_report.obj
 0004:00000f0c       $pdata$__raise_securityfailure 000000018006af0c     MSVCRT:gs_report.obj
 0004:00000f6c       $pdata$__GSHandlerCheckCommon 000000018006af6c     MSVCRT:_gshandler_.obj
 0004:00000f60       $pdata$__GSHandlerCheck    000000018006af60     MSVCRT:_gshandler_.obj
 0004:00000f9c       $pdata$?dllmain_crt_process_attach@@YAHQEAUHINSTANCE__@@QEAX@Z 000000018006af9c     MSVCRT:dll_dllmain.obj
 0004:0000111c       $pdata$?fin$0@?0??dllmain_crt_process_attach@@YAHQEAUHINSTANCE__@@QEAX@Z@4HA 000000018006b11c     MSVCRT:dll_dllmain.obj
 0004:00000fa8       $pdata$?dllmain_crt_process_detach@@YAH_N@Z 000000018006afa8     MSVCRT:dll_dllmain.obj
 0004:00001128       $pdata$?fin$0@?0??dllmain_crt_process_detach@@YAH_N@Z@4HA 000000018006b128     MSVCRT:dll_dllmain.obj
 0004:00000f90       $pdata$?dllmain_crt_dispatch@@YAHQEAUHINSTANCE__@@KQEAX@Z 000000018006af90     MSVCRT:dll_dllmain.obj
 0004:00000fb4       $pdata$?dllmain_dispatch@@YAHQEAUHINSTANCE__@@KQEAX@Z 000000018006afb4     MSVCRT:dll_dllmain.obj
 0004:00001134       $pdata$?filt$0@?0??dllmain_dispatch@@YAHQEAUHINSTANCE__@@KQEAX@Z@4HA 000000018006b134     MSVCRT:dll_dllmain.obj
 0004:00000fc0       $pdata$_DllMainCRTStartup  000000018006afc0     MSVCRT:dll_dllmain.obj
 0004:00000fd8       $pdata$__security_init_cookie 000000018006afd8     MSVCRT:gs_support.obj
 0004:00000fcc       $pdata$__get_entropy       000000018006afcc     MSVCRT:gs_support.obj
 0004:00000fe4       $pdata$DllMain             000000018006afe4     MSVCRT:dll_dllmain_stub.obj
 0004:00000ff0       $pdata$__scrt_initialize_default_local_stdio_options 000000018006aff0     MSVCRT:default_local_stdio_options.obj
 0004:000010b0       $pdata$atexit              000000018006b0b0     MSVCRT:utility.obj
 0004:000010a4       $pdata$_onexit             000000018006b0a4     MSVCRT:utility.obj
 0004:00001080       $pdata$__scrt_is_nonwritable_in_current_image 000000018006b080     MSVCRT:utility.obj
 0004:00001140       $pdata$__scrt_is_nonwritable_in_current_image$filt$0 000000018006b140     MSVCRT:utility.obj
 0004:00001008       $pdata$__scrt_acquire_startup_lock 000000018006b008     MSVCRT:utility.obj
 0004:0000108c       $pdata$__scrt_release_startup_lock 000000018006b08c     MSVCRT:utility.obj
 0004:00001068       $pdata$__scrt_initialize_crt 000000018006b068     MSVCRT:utility.obj
 0004:00001098       $pdata$__scrt_uninitialize_crt 000000018006b098     MSVCRT:utility.obj
 0004:00001074       $pdata$__scrt_initialize_onexit_tables 000000018006b074     MSVCRT:utility.obj
 0004:00001044       $pdata$__scrt_dllmain_exception_filter 000000018006b044     MSVCRT:utility.obj
 0004:00001020       $pdata$__scrt_dllmain_before_initialize_c 000000018006b020     MSVCRT:utility.obj
 0004:00001014       $pdata$__scrt_dllmain_after_initialize_c 000000018006b014     MSVCRT:utility.obj
 0004:00001050       $pdata$__scrt_dllmain_uninitialize_c 000000018006b050     MSVCRT:utility.obj
 0004:0000105c       $pdata$__scrt_dllmain_uninitialize_critical 000000018006b05c     MSVCRT:utility.obj
 0004:0000102c       $pdata$__scrt_dllmain_crt_thread_attach 000000018006b02c     MSVCRT:utility.obj
 0004:00001038       $pdata$__scrt_dllmain_crt_thread_detach 000000018006b038     MSVCRT:utility.obj
 0004:00000ffc       $pdata$?configure_argv@__scrt_narrow_argv_policy@@SAHXZ 000000018006affc     MSVCRT:utility.obj
 0004:000010c8       $pdata$__scrt_get_show_window_mode 000000018006b0c8     MSVCRT:utility_desktop.obj
 0004:000010d4       $pdata$__scrt_is_managed_app 000000018006b0d4     MSVCRT:utility_desktop.obj
 0004:000010bc       $pdata$__scrt_fastfail     000000018006b0bc     MSVCRT:utility_desktop.obj
 0004:000010e0       $pdata$__scrt_unhandled_exception_filter 000000018006b0e0     MSVCRT:utility_desktop.obj
 0004:000010ec       $pdata$_RTC_Initialize     000000018006b0ec     MSVCRT:_initsect_.obj
 0004:000010f8       $pdata$_RTC_Terminate      000000018006b0f8     MSVCRT:_initsect_.obj
 0004:00001104       $pdata$__isa_available_init 000000018006b104     MSVCRT:_cpu_disp_.obj
